#
# There is insufficient memory for the Java Runtime Environment to continue.
# Native memory allocation (mmap) failed to map 65536 bytes for Failed to commit metaspace.
# Possible reasons:
#   The system is out of physical RAM or swap space
#   The process is running with CompressedOops enabled, and the Java Heap may be blocking the growth of the native heap
# Possible solutions:
#   Reduce memory load on the system
#   Increase physical memory or swap space
#   Check if swap backing store is full
#   Decrease Java heap size (-Xmx/-Xms)
#   Decrease number of Java threads
#   Decrease Java thread stack sizes (-Xss)
#   Set larger code cache with -XX:ReservedCodeCacheSize=
#   JVM is running with Unscaled Compressed Oops mode in which the Java heap is
#     placed in the first 4GB address space. The Java Heap base address is the
#     maximum limit for the native heap growth. Please use -XX:HeapBaseMinAddress
#     to set the Java Heap base and to place the Java Heap above 4GB virtual address.
# This output file may be truncated or incomplete.
#
#  Out of Memory Error (virtualSpaceNode.cpp:110), pid=5520, tid=12408
#
# JRE version: OpenJDK Runtime Environment JBR-17.0.10+7-1000.48-jcef (17.0.10+7) (build 17.0.10+7-b1000.48)
# Java VM: OpenJDK 64-Bit Server VM JBR-17.0.10+7-1000.48-jcef (17.0.10+7-b1000.48, mixed mode, tiered, compressed oops, compressed class ptrs, g1 gc, windows-amd64)
# No core dump will be written. Minidumps are not enabled by default on client versions of Windows
#

---------------  S U M M A R Y ------------

Command Line: git4idea.http.GitAskPassApp Username for 'https://github.com': 

Host: Intel(R) Core(TM) m3-7Y30 CPU @ 1.00GHz, 4 cores, 3G,  Windows 10 , 64 bit Build 19041 (10.0.19041.3636)
Time: Tue Mar 26 11:52:12 2024  Windows 10 , 64 bit Build 19041 (10.0.19041.3636) elapsed time: 0.149086 seconds (0d 0h 0m 0s)

---------------  T H R E A D  ---------------

Current thread (0x000001bcf7c2e510):  JavaThread "main" [_thread_in_vm, id=12408, stack(0x000000b786600000,0x000000b786700000)]

Stack: [0x000000b786600000,0x000000b786700000]
Native frames: (J=compiled Java code, j=interpreted, Vv=VM code, C=native code)
V  [jvm.dll+0x688ac9]
V  [jvm.dll+0x84220a]
V  [jvm.dll+0x843e4e]
V  [jvm.dll+0x8444b3]
V  [jvm.dll+0x24ba8f]
V  [jvm.dll+0x83d1eb]
V  [jvm.dll+0x62d0e6]
V  [jvm.dll+0x62d14a]
V  [jvm.dll+0x62f97a]
V  [jvm.dll+0x62da86]
V  [jvm.dll+0x23f74f]
V  [jvm.dll+0x637935]
V  [jvm.dll+0x1eea1b]
V  [jvm.dll+0x1eef55]
V  [jvm.dll+0x1ef8f5]
V  [jvm.dll+0x1e4d8c]
V  [jvm.dll+0x54d98c]
V  [jvm.dll+0x1f592b]
V  [jvm.dll+0x7ba9bb]
V  [jvm.dll+0x7bbe2c]
V  [jvm.dll+0x7bc178]
V  [jvm.dll+0x2434ee]
V  [jvm.dll+0x387aee]
C  0x000001bc8754b5bb

The last pc belongs to new (printed below).
Java frames: (J=compiled Java code, j=interpreted, Vv=VM code)
j  java.io.DefaultFileSystem.getFileSystem()Ljava/io/FileSystem;+0 java.base
j  java.io.File.<clinit>()V+16 java.base
v  ~StubRoutines::call_stub
j  jdk.internal.module.ModuleBootstrap.initModulePatcher()Ljdk/internal/module/ModulePatcher;+3 java.base
j  jdk.internal.module.ModuleBootstrap.<clinit>()V+28 java.base
v  ~StubRoutines::call_stub
j  java.lang.System.initPhase2(ZZ)I+0 java.base
v  ~StubRoutines::call_stub
new  187 new  [0x000001bc8754b420, 0x000001bc8754b640]  544 bytes
[MachCode]
  0x000001bc8754b420: 4883 ec08 | c5fa 1104 | 24eb 1f48 | 83ec 10c5 | fb11 0424 | eb14 4883 | ec10 4889 | 0424 48c7 
  0x000001bc8754b440: 4424 0800 | 0000 00eb | 0150 410f | b755 010f | cac1 ea10 | 488b 4de8 | 488b 4908 | 488b 4908 
  0x000001bc8754b460: 488b 4108 | 807c 1004 | 070f 85d6 | 0000 0066 | 8b54 d148 | 488b 4928 | 488b 4cd1 | 0851 80b9 
  0x000001bc8754b480: 5b01 0000 | 040f 85b9 | 0000 008b | 5108 f7c2 | 0100 0000 | 0f85 aa00 | 0000 498b | 8708 0100 
  0x000001bc8754b4a0: 0048 8d1c | 1049 3b9f | 1801 0000 | 0f87 9200 | 0000 4989 | 9f08 0100 | 00e9 0000 | 0000 4883 
  0x000001bc8754b4c0: ea10 0f84 | 0f00 0000 | 33c9 c1ea | 0348 894c | d008 48ff | ca75 f648 | c700 0100 | 0000 5933 
  0x000001bc8754b4e0: f689 700c | 48c1 e903 | 8948 0849 | ba89 398f | 45f8 7f00 | 0041 803a | 000f 8440 | 0000 0050 
  0x000001bc8754b500: 488b c848 | 83ec 20f7 | c40f 0000 | 000f 841a | 0000 0048 | 83ec 0849 | ba90 f144 | 45f8 7f00 
  0x000001bc8754b520: 0041 ffd2 | 4883 c408 | e90d 0000 | 0049 ba90 | f144 45f8 | 7f00 0041 | ffd2 4883 | c420 58e9 
  0x000001bc8754b540: cd00 0000 | 5948 8b55 | e848 8b52 | 0848 8b52 | 0845 0fb7 | 4501 410f | c841 c1e8 | 10e8 0500 
  0x000001bc8754b560: 0000 e9aa | 0000 0048 | 8d44 2408 | 4c89 6dc0 | 498b cfc5 | f877 4989 | afa8 0200 | 0049 8987 
  0x000001bc8754b580: 9802 0000 | 4883 ec20 | f7c4 0f00 | 0000 0f84 | 1a00 0000 | 4883 ec08 | 49ba a07a | 0e45 f87f 
  0x000001bc8754b5a0: 0000 41ff | d248 83c4 | 08e9 0d00 | 0000 49ba | a07a 0e45 | f87f 0000 | 41ff d248 | 83c4 2049 
  0x000001bc8754b5c0: c787 9802 | 0000 0000 | 0000 49c7 | 87a8 0200 | 0000 0000 | 0049 c787 | a002 0000 | 0000 0000 
  0x000001bc8754b5e0: c5f8 7749 | 817f 0800 | 0000 000f | 8405 0000 | 00e9 0a59 | feff 498b | 87f0 0200 | 0049 c787 
  0x000001bc8754b600: f002 0000 | 0000 0000 | 4c8b 6dc0 | 4c8b 75c8 | c341 0fb6 | 5d03 4983 | c503 49ba | 80a6 9145 
  0x000001bc8754b620: f87f 0000 | 41ff 24da | 0000 0000 | 0000 0000 | 0000 0000 | 0000 0000 | 0000 0000 | 0000 0000 
[/MachCode]

---------------  P R O C E S S  ---------------

Threads class SMR info:
_java_thread_list=0x000001bcffd4a9e0, length=10, elements={
0x000001bcf7c2e510, 0x000001bcffcf93c0, 0x000001bcffcfa9e0, 0x000001bcffd5f010,
0x000001bcffd5fae0, 0x000001bcffd625b0, 0x000001bcffd63710, 0x000001bcffd69560,
0x000001bcffd6a6c0, 0x000001bc95026d50
}

Java Threads: ( => current thread )
=>0x000001bcf7c2e510 JavaThread "main" [_thread_in_vm, id=12408, stack(0x000000b786600000,0x000000b786700000)]
  0x000001bcffcf93c0 JavaThread "Reference Handler" daemon [_thread_blocked, id=6908, stack(0x000000b786d00000,0x000000b786e00000)]
  0x000001bcffcfa9e0 JavaThread "Finalizer" daemon [_thread_blocked, id=12464, stack(0x000000b786e00000,0x000000b786f00000)]
  0x000001bcffd5f010 JavaThread "Signal Dispatcher" daemon [_thread_blocked, id=1976, stack(0x000000b786f00000,0x000000b787000000)]
  0x000001bcffd5fae0 JavaThread "Attach Listener" daemon [_thread_blocked, id=8972, stack(0x000000b787000000,0x000000b787100000)]
  0x000001bcffd625b0 JavaThread "Service Thread" daemon [_thread_blocked, id=4908, stack(0x000000b787100000,0x000000b787200000)]
  0x000001bcffd63710 JavaThread "Monitor Deflation Thread" daemon [_thread_blocked, id=3532, stack(0x000000b787200000,0x000000b787300000)]
  0x000001bcffd69560 JavaThread "C2 CompilerThread0" daemon [_thread_blocked, id=7768, stack(0x000000b787300000,0x000000b787400000)]
  0x000001bcffd6a6c0 JavaThread "C1 CompilerThread0" daemon [_thread_blocked, id=10784, stack(0x000000b787400000,0x000000b787500000)]
  0x000001bc95026d50 JavaThread "Sweeper thread" daemon [_thread_blocked, id=11148, stack(0x000000b787500000,0x000000b787600000)]

Other Threads:
  0x000001bcffcaaa30 VMThread "VM Thread" [stack: 0x000000b786c00000,0x000000b786d00000] [id=13412]
  0x000001bcf7c68d40 GCTaskThread "GC Thread#0" [stack: 0x000000b786700000,0x000000b786800000] [id=1824]
  0x000001bcf7c71a10 ConcurrentGCThread "G1 Main Marker" [stack: 0x000000b786800000,0x000000b786900000] [id=3508]
  0x000001bcf7c72bd0 ConcurrentGCThread "G1 Conc#0" [stack: 0x000000b786900000,0x000000b786a00000] [id=8672]
  0x000001bcf7cc4020 ConcurrentGCThread "G1 Refine#0" [stack: 0x000000b786a00000,0x000000b786b00000] [id=4124]
  0x000001bcf7cc4a50 ConcurrentGCThread "G1 Service" [stack: 0x000000b786b00000,0x000000b786c00000] [id=5472]

Threads with active compile tasks:

VM state: not at safepoint (normal execution)

VM Mutex/Monitor currently owned by a thread:  ([mutex/lock_event])
[0x000001bcf7c25aa0] Metaspace_lock - owner thread: 0x000001bcf7c2e510

Heap address: 0x00000000c1400000, size: 1004 MB, Compressed Oops mode: 32-bit

CDS archive(s) not mapped
Compressed class space mapped at: 0x0000000100000000-0x0000000140000000, reserved size: 1073741824
Narrow klass base: 0x0000000000000000, Narrow klass shift: 3, Narrow klass range: 0x140000000

GC Precious Log:
 CPUs: 4 total, 4 available
 Memory: 4013M
 Large Page Support: Disabled
 NUMA Support: Disabled
 Compressed Oops: Enabled (32-bit)
 Heap Region Size: 1M
 Heap Min Capacity: 8M
 Heap Initial Capacity: 64M
 Heap Max Capacity: 1004M
 Pre-touch: Disabled
 Parallel Workers: 4
 Concurrent Workers: 1
 Concurrent Refinement Workers: 4
 Periodic GC: Disabled

Heap:
 garbage-first heap   total 65536K, used 0K [0x00000000c1400000, 0x0000000100000000)
  region size 1024K, 1 young (1024K), 0 survivors (0K)
 Metaspace       used 2983K, committed 3008K, reserved 1114112K
  class space    used 231K, committed 256K, reserved 1048576K

Heap Regions: E=young(eden), S=young(survivor), O=old, HS=humongous(starts), HC=humongous(continues), CS=collection set, F=free, OA=open archive, CA=closed archive, TAMS=top-at-mark-start (previous, next)
|   0|0x00000000c1400000, 0x00000000c1400000, 0x00000000c1500000|  0%| F|  |TAMS 0x00000000c1400000, 0x00000000c1400000| Untracked 
|   1|0x00000000c1500000, 0x00000000c1500000, 0x00000000c1600000|  0%| F|  |TAMS 0x00000000c1500000, 0x00000000c1500000| Untracked 
|   2|0x00000000c1600000, 0x00000000c1600000, 0x00000000c1700000|  0%| F|  |TAMS 0x00000000c1600000, 0x00000000c1600000| Untracked 
|   3|0x00000000c1700000, 0x00000000c1700000, 0x00000000c1800000|  0%| F|  |TAMS 0x00000000c1700000, 0x00000000c1700000| Untracked 
|   4|0x00000000c1800000, 0x00000000c1800000, 0x00000000c1900000|  0%| F|  |TAMS 0x00000000c1800000, 0x00000000c1800000| Untracked 
|   5|0x00000000c1900000, 0x00000000c1900000, 0x00000000c1a00000|  0%| F|  |TAMS 0x00000000c1900000, 0x00000000c1900000| Untracked 
|   6|0x00000000c1a00000, 0x00000000c1a00000, 0x00000000c1b00000|  0%| F|  |TAMS 0x00000000c1a00000, 0x00000000c1a00000| Untracked 
|   7|0x00000000c1b00000, 0x00000000c1b00000, 0x00000000c1c00000|  0%| F|  |TAMS 0x00000000c1b00000, 0x00000000c1b00000| Untracked 
|   8|0x00000000c1c00000, 0x00000000c1c00000, 0x00000000c1d00000|  0%| F|  |TAMS 0x00000000c1c00000, 0x00000000c1c00000| Untracked 
|   9|0x00000000c1d00000, 0x00000000c1d00000, 0x00000000c1e00000|  0%| F|  |TAMS 0x00000000c1d00000, 0x00000000c1d00000| Untracked 
|  10|0x00000000c1e00000, 0x00000000c1e00000, 0x00000000c1f00000|  0%| F|  |TAMS 0x00000000c1e00000, 0x00000000c1e00000| Untracked 
|  11|0x00000000c1f00000, 0x00000000c1f00000, 0x00000000c2000000|  0%| F|  |TAMS 0x00000000c1f00000, 0x00000000c1f00000| Untracked 
|  12|0x00000000c2000000, 0x00000000c2000000, 0x00000000c2100000|  0%| F|  |TAMS 0x00000000c2000000, 0x00000000c2000000| Untracked 
|  13|0x00000000c2100000, 0x00000000c2100000, 0x00000000c2200000|  0%| F|  |TAMS 0x00000000c2100000, 0x00000000c2100000| Untracked 
|  14|0x00000000c2200000, 0x00000000c2200000, 0x00000000c2300000|  0%| F|  |TAMS 0x00000000c2200000, 0x00000000c2200000| Untracked 
|  15|0x00000000c2300000, 0x00000000c2300000, 0x00000000c2400000|  0%| F|  |TAMS 0x00000000c2300000, 0x00000000c2300000| Untracked 
|  16|0x00000000c2400000, 0x00000000c2400000, 0x00000000c2500000|  0%| F|  |TAMS 0x00000000c2400000, 0x00000000c2400000| Untracked 
|  17|0x00000000c2500000, 0x00000000c2500000, 0x00000000c2600000|  0%| F|  |TAMS 0x00000000c2500000, 0x00000000c2500000| Untracked 
|  18|0x00000000c2600000, 0x00000000c2600000, 0x00000000c2700000|  0%| F|  |TAMS 0x00000000c2600000, 0x00000000c2600000| Untracked 
|  19|0x00000000c2700000, 0x00000000c2700000, 0x00000000c2800000|  0%| F|  |TAMS 0x00000000c2700000, 0x00000000c2700000| Untracked 
|  20|0x00000000c2800000, 0x00000000c2800000, 0x00000000c2900000|  0%| F|  |TAMS 0x00000000c2800000, 0x00000000c2800000| Untracked 
|  21|0x00000000c2900000, 0x00000000c2900000, 0x00000000c2a00000|  0%| F|  |TAMS 0x00000000c2900000, 0x00000000c2900000| Untracked 
|  22|0x00000000c2a00000, 0x00000000c2a00000, 0x00000000c2b00000|  0%| F|  |TAMS 0x00000000c2a00000, 0x00000000c2a00000| Untracked 
|  23|0x00000000c2b00000, 0x00000000c2b00000, 0x00000000c2c00000|  0%| F|  |TAMS 0x00000000c2b00000, 0x00000000c2b00000| Untracked 
|  24|0x00000000c2c00000, 0x00000000c2c00000, 0x00000000c2d00000|  0%| F|  |TAMS 0x00000000c2c00000, 0x00000000c2c00000| Untracked 
|  25|0x00000000c2d00000, 0x00000000c2d00000, 0x00000000c2e00000|  0%| F|  |TAMS 0x00000000c2d00000, 0x00000000c2d00000| Untracked 
|  26|0x00000000c2e00000, 0x00000000c2e00000, 0x00000000c2f00000|  0%| F|  |TAMS 0x00000000c2e00000, 0x00000000c2e00000| Untracked 
|  27|0x00000000c2f00000, 0x00000000c2f00000, 0x00000000c3000000|  0%| F|  |TAMS 0x00000000c2f00000, 0x00000000c2f00000| Untracked 
|  28|0x00000000c3000000, 0x00000000c3000000, 0x00000000c3100000|  0%| F|  |TAMS 0x00000000c3000000, 0x00000000c3000000| Untracked 
|  29|0x00000000c3100000, 0x00000000c3100000, 0x00000000c3200000|  0%| F|  |TAMS 0x00000000c3100000, 0x00000000c3100000| Untracked 
|  30|0x00000000c3200000, 0x00000000c3200000, 0x00000000c3300000|  0%| F|  |TAMS 0x00000000c3200000, 0x00000000c3200000| Untracked 
|  31|0x00000000c3300000, 0x00000000c3300000, 0x00000000c3400000|  0%| F|  |TAMS 0x00000000c3300000, 0x00000000c3300000| Untracked 
|  32|0x00000000c3400000, 0x00000000c3400000, 0x00000000c3500000|  0%| F|  |TAMS 0x00000000c3400000, 0x00000000c3400000| Untracked 
|  33|0x00000000c3500000, 0x00000000c3500000, 0x00000000c3600000|  0%| F|  |TAMS 0x00000000c3500000, 0x00000000c3500000| Untracked 
|  34|0x00000000c3600000, 0x00000000c3600000, 0x00000000c3700000|  0%| F|  |TAMS 0x00000000c3600000, 0x00000000c3600000| Untracked 
|  35|0x00000000c3700000, 0x00000000c3700000, 0x00000000c3800000|  0%| F|  |TAMS 0x00000000c3700000, 0x00000000c3700000| Untracked 
|  36|0x00000000c3800000, 0x00000000c3800000, 0x00000000c3900000|  0%| F|  |TAMS 0x00000000c3800000, 0x00000000c3800000| Untracked 
|  37|0x00000000c3900000, 0x00000000c3900000, 0x00000000c3a00000|  0%| F|  |TAMS 0x00000000c3900000, 0x00000000c3900000| Untracked 
|  38|0x00000000c3a00000, 0x00000000c3a00000, 0x00000000c3b00000|  0%| F|  |TAMS 0x00000000c3a00000, 0x00000000c3a00000| Untracked 
|  39|0x00000000c3b00000, 0x00000000c3b00000, 0x00000000c3c00000|  0%| F|  |TAMS 0x00000000c3b00000, 0x00000000c3b00000| Untracked 
|  40|0x00000000c3c00000, 0x00000000c3c00000, 0x00000000c3d00000|  0%| F|  |TAMS 0x00000000c3c00000, 0x00000000c3c00000| Untracked 
|  41|0x00000000c3d00000, 0x00000000c3d00000, 0x00000000c3e00000|  0%| F|  |TAMS 0x00000000c3d00000, 0x00000000c3d00000| Untracked 
|  42|0x00000000c3e00000, 0x00000000c3e00000, 0x00000000c3f00000|  0%| F|  |TAMS 0x00000000c3e00000, 0x00000000c3e00000| Untracked 
|  43|0x00000000c3f00000, 0x00000000c3f00000, 0x00000000c4000000|  0%| F|  |TAMS 0x00000000c3f00000, 0x00000000c3f00000| Untracked 
|  44|0x00000000c4000000, 0x00000000c4000000, 0x00000000c4100000|  0%| F|  |TAMS 0x00000000c4000000, 0x00000000c4000000| Untracked 
|  45|0x00000000c4100000, 0x00000000c4100000, 0x00000000c4200000|  0%| F|  |TAMS 0x00000000c4100000, 0x00000000c4100000| Untracked 
|  46|0x00000000c4200000, 0x00000000c4200000, 0x00000000c4300000|  0%| F|  |TAMS 0x00000000c4200000, 0x00000000c4200000| Untracked 
|  47|0x00000000c4300000, 0x00000000c4300000, 0x00000000c4400000|  0%| F|  |TAMS 0x00000000c4300000, 0x00000000c4300000| Untracked 
|  48|0x00000000c4400000, 0x00000000c4400000, 0x00000000c4500000|  0%| F|  |TAMS 0x00000000c4400000, 0x00000000c4400000| Untracked 
|  49|0x00000000c4500000, 0x00000000c4500000, 0x00000000c4600000|  0%| F|  |TAMS 0x00000000c4500000, 0x00000000c4500000| Untracked 
|  50|0x00000000c4600000, 0x00000000c4600000, 0x00000000c4700000|  0%| F|  |TAMS 0x00000000c4600000, 0x00000000c4600000| Untracked 
|  51|0x00000000c4700000, 0x00000000c4700000, 0x00000000c4800000|  0%| F|  |TAMS 0x00000000c4700000, 0x00000000c4700000| Untracked 
|  52|0x00000000c4800000, 0x00000000c4800000, 0x00000000c4900000|  0%| F|  |TAMS 0x00000000c4800000, 0x00000000c4800000| Untracked 
|  53|0x00000000c4900000, 0x00000000c4900000, 0x00000000c4a00000|  0%| F|  |TAMS 0x00000000c4900000, 0x00000000c4900000| Untracked 
|  54|0x00000000c4a00000, 0x00000000c4a00000, 0x00000000c4b00000|  0%| F|  |TAMS 0x00000000c4a00000, 0x00000000c4a00000| Untracked 
|  55|0x00000000c4b00000, 0x00000000c4b00000, 0x00000000c4c00000|  0%| F|  |TAMS 0x00000000c4b00000, 0x00000000c4b00000| Untracked 
|  56|0x00000000c4c00000, 0x00000000c4c00000, 0x00000000c4d00000|  0%| F|  |TAMS 0x00000000c4c00000, 0x00000000c4c00000| Untracked 
|  57|0x00000000c4d00000, 0x00000000c4d00000, 0x00000000c4e00000|  0%| F|  |TAMS 0x00000000c4d00000, 0x00000000c4d00000| Untracked 
|  58|0x00000000c4e00000, 0x00000000c4e00000, 0x00000000c4f00000|  0%| F|  |TAMS 0x00000000c4e00000, 0x00000000c4e00000| Untracked 
|  59|0x00000000c4f00000, 0x00000000c4f00000, 0x00000000c5000000|  0%| F|  |TAMS 0x00000000c4f00000, 0x00000000c4f00000| Untracked 
|  60|0x00000000c5000000, 0x00000000c5000000, 0x00000000c5100000|  0%| F|  |TAMS 0x00000000c5000000, 0x00000000c5000000| Untracked 
|  61|0x00000000c5100000, 0x00000000c5100000, 0x00000000c5200000|  0%| F|  |TAMS 0x00000000c5100000, 0x00000000c5100000| Untracked 
|  62|0x00000000c5200000, 0x00000000c5200000, 0x00000000c5300000|  0%| F|  |TAMS 0x00000000c5200000, 0x00000000c5200000| Untracked 
|  63|0x00000000c5300000, 0x00000000c53c9c18, 0x00000000c5400000| 78%| E|  |TAMS 0x00000000c5300000, 0x00000000c5300000| Complete 

Card table byte_map: [0x000001bcfd3b0000,0x000001bcfd5b0000] _byte_map_base: 0x000001bcfcda6000

Marking Bits (Prev, Next): (CMBitMap*) 0x000001bcf7c69360, (CMBitMap*) 0x000001bcf7c693a0
 Prev Bits: [0x000001bcfd7b0000, 0x000001bcfe760000)
 Next Bits: [0x000001bcfe760000, 0x000001bcff710000)

Polling page: 0x000001bcf7cf0000

Metaspace:

Usage:
  Non-class:      2.69 MB used.
      Class:    231.41 KB used.
       Both:      2.91 MB used.

Virtual space:
  Non-class space:       64.00 MB reserved,       2.69 MB (  4%) committed,  1 nodes.
      Class space:        1.00 GB reserved,     256.00 KB ( <1%) committed,  1 nodes.
             Both:        1.06 GB reserved,       2.94 MB ( <1%) committed. 

Chunk freelists:
   Non-Class:  12.00 MB
       Class:  15.75 MB
        Both:  27.75 MB

MaxMetaspaceSize: unlimited
CompressedClassSpaceSize: 1.00 GB
Initial GC threshold: 21.00 MB
Current GC threshold: 21.00 MB
CDS: off
MetaspaceReclaimPolicy: balanced
 - commit_granule_bytes: 65536.
 - commit_granule_words: 8192.
 - virtual_space_node_default_size: 8388608.
 - enlarge_chunks_in_place: 1.
 - new_chunks_are_fully_committed: 0.
 - uncommit_free_chunks: 1.
 - use_allocation_guard: 0.
 - handle_deallocations: 1.


Internal statistics:

num_allocs_failed_limit: 0.
num_arena_births: 2.
num_arena_deaths: 0.
num_vsnodes_births: 2.
num_vsnodes_deaths: 0.
num_space_committed: 47.
num_space_uncommitted: 0.
num_chunks_returned_to_freelist: 0.
num_chunks_taken_from_freelist: 3.
num_chunk_merges: 0.
num_chunk_splits: 2.
num_chunks_enlarged: 0.
num_inconsistent_stats: 0.

CodeHeap 'non-profiled nmethods': size=120000Kb used=0Kb max_used=0Kb free=120000Kb
 bounds [0x000001bc87ad0000, 0x000001bc87d40000, 0x000001bc8f000000]
CodeHeap 'profiled nmethods': size=120000Kb used=2Kb max_used=2Kb free=119997Kb
 bounds [0x000001bc80000000, 0x000001bc80270000, 0x000001bc87530000]
CodeHeap 'non-nmethods': size=5760Kb used=1020Kb max_used=1034Kb free=4739Kb
 bounds [0x000001bc87530000, 0x000001bc877a0000, 0x000001bc87ad0000]
 total_blobs=275 nmethods=1 adapters=188
 compilation: enabled
              stopped_count=0, restarted_count=0
 full_count=0

Compilation events (2 events):
Event: 0.137 Thread 0x000001bcffd6a6c0    1       3       java.lang.String::charAt (25 bytes)
Event: 0.138 Thread 0x000001bcffd6a6c0 nmethod 1 0x000001bc80000010 code [0x000001bc80000200, 0x000001bc80000738]

GC Heap History (0 events):
No events

Dll operation events (1 events):
Event: 0.025 Loaded shared library C:\Program Files\JetBrains\IntelliJ IDEA Community Edition 2023.2.1\jbr\bin\java.dll

Deoptimization events (0 events):
No events

Classes unloaded (0 events):
No events

Classes redefined (0 events):
No events

Internal exceptions (0 events):
No events

VM Operations (0 events):
No events

Events (20 events):
Event: 0.135 Thread 0x000001bcffd69560 Thread added: 0x000001bcffd69560
Event: 0.136 Thread 0x000001bcffd6a6c0 Thread added: 0x000001bcffd6a6c0
Event: 0.136 Thread 0x000001bc95026d50 Thread added: 0x000001bc95026d50
Event: 0.136 loading class java/lang/invoke/MethodHandleStatics
Event: 0.136 loading class java/lang/invoke/MethodHandleStatics done
Event: 0.137 loading class jdk/internal/module/ModuleBootstrap
Event: 0.140 loading class jdk/internal/module/ModuleBootstrap done
Event: 0.140 loading class java/lang/module/ModuleDescriptor
Event: 0.141 loading class java/lang/module/ModuleDescriptor done
Event: 0.141 loading class sun/invoke/util/VerifyAccess
Event: 0.141 loading class sun/invoke/util/VerifyAccess done
Event: 0.141 loading class java/lang/module/ModuleDescriptor$1
Event: 0.142 loading class jdk/internal/access/JavaLangModuleAccess
Event: 0.142 loading class jdk/internal/access/JavaLangModuleAccess done
Event: 0.142 loading class java/lang/module/ModuleDescriptor$1 done
Event: 0.142 loading class java/io/File
Event: 0.142 loading class java/io/File done
Event: 0.143 loading class java/io/DefaultFileSystem
Event: 0.143 loading class java/io/DefaultFileSystem done
Event: 0.143 loading class java/io/WinNTFileSystem


Dynamic libraries:
0x00007ff78bc50000 - 0x00007ff78bc5a000 	C:\Program Files\JetBrains\IntelliJ IDEA Community Edition 2023.2.1\jbr\bin\java.exe
0x00007ff896c50000 - 0x00007ff896e48000 	C:\WINDOWS\SYSTEM32\ntdll.dll
0x00007ff896780000 - 0x00007ff89683d000 	C:\WINDOWS\System32\KERNEL32.DLL
0x00007ff894770000 - 0x00007ff894a66000 	C:\WINDOWS\System32\KERNELBASE.dll
0x00007ff894300000 - 0x00007ff894400000 	C:\WINDOWS\System32\ucrtbase.dll
0x00007ff884760000 - 0x00007ff88477b000 	C:\Program Files\JetBrains\IntelliJ IDEA Community Edition 2023.2.1\jbr\bin\VCRUNTIME140.dll
0x00007ff86f030000 - 0x00007ff86f047000 	C:\Program Files\JetBrains\IntelliJ IDEA Community Edition 2023.2.1\jbr\bin\jli.dll
0x00007ff896a70000 - 0x00007ff896c0e000 	C:\WINDOWS\System32\USER32.dll
0x00007ff8758b0000 - 0x00007ff875b4a000 	C:\WINDOWS\WinSxS\amd64_microsoft.windows.common-controls_6595b64144ccf1df_6.0.19041.3636_none_60b6a03d71f818d5\COMCTL32.dll
0x00007ff894510000 - 0x00007ff894532000 	C:\WINDOWS\System32\win32u.dll
0x00007ff894dc0000 - 0x00007ff894e5e000 	C:\WINDOWS\System32\msvcrt.dll
0x00007ff894ec0000 - 0x00007ff894eeb000 	C:\WINDOWS\System32\GDI32.dll
0x00007ff8945c0000 - 0x00007ff8946d7000 	C:\WINDOWS\System32\gdi32full.dll
0x00007ff894470000 - 0x00007ff89450d000 	C:\WINDOWS\System32\msvcp_win.dll
0x00007ff8954b0000 - 0x00007ff8954e2000 	C:\WINDOWS\System32\IMM32.DLL
0x00007ff87a530000 - 0x00007ff87a53c000 	C:\Program Files\JetBrains\IntelliJ IDEA Community Edition 2023.2.1\jbr\bin\vcruntime140_1.dll
0x00007ff866c80000 - 0x00007ff866d0d000 	C:\Program Files\JetBrains\IntelliJ IDEA Community Edition 2023.2.1\jbr\bin\msvcp140.dll
0x00007ff844d60000 - 0x00007ff8459e3000 	C:\Program Files\JetBrains\IntelliJ IDEA Community Edition 2023.2.1\jbr\bin\server\jvm.dll
0x00007ff895a30000 - 0x00007ff895ae0000 	C:\WINDOWS\System32\ADVAPI32.dll
0x00007ff894d20000 - 0x00007ff894dc0000 	C:\WINDOWS\System32\sechost.dll
0x00007ff895c00000 - 0x00007ff895d25000 	C:\WINDOWS\System32\RPCRT4.dll
0x00007ff894590000 - 0x00007ff8945b7000 	C:\WINDOWS\System32\bcrypt.dll
0x00007ff893d10000 - 0x00007ff893d5b000 	C:\WINDOWS\SYSTEM32\POWRPROF.dll
0x00007ff8840a0000 - 0x00007ff8840c7000 	C:\WINDOWS\SYSTEM32\WINMM.dll
0x00007ff88f9b0000 - 0x00007ff88f9b9000 	C:\WINDOWS\SYSTEM32\WSOCK32.dll
0x00007ff8954f0000 - 0x00007ff89555b000 	C:\WINDOWS\System32\WS2_32.dll
0x00007ff882d20000 - 0x00007ff882d2a000 	C:\WINDOWS\SYSTEM32\VERSION.dll
0x00007ff893cc0000 - 0x00007ff893cd2000 	C:\WINDOWS\SYSTEM32\UMPDC.dll
0x00007ff8920b0000 - 0x00007ff8920c2000 	C:\WINDOWS\SYSTEM32\kernel.appcore.dll
0x00007ff87a0c0000 - 0x00007ff87a0ca000 	C:\Program Files\JetBrains\IntelliJ IDEA Community Edition 2023.2.1\jbr\bin\jimage.dll
0x00007ff88c8d0000 - 0x00007ff88cab4000 	C:\WINDOWS\SYSTEM32\DBGHELP.DLL
0x00007ff884170000 - 0x00007ff8841a4000 	C:\WINDOWS\SYSTEM32\dbgcore.DLL
0x00007ff8946e0000 - 0x00007ff894762000 	C:\WINDOWS\System32\bcryptPrimitives.dll
0x00007ff874790000 - 0x00007ff8747b5000 	C:\Program Files\JetBrains\IntelliJ IDEA Community Edition 2023.2.1\jbr\bin\java.dll
0x00007ff8760d0000 - 0x00007ff8760e8000 	C:\Program Files\JetBrains\IntelliJ IDEA Community Edition 2023.2.1\jbr\bin\zip.dll
0x00007ff895f30000 - 0x00007ff89669b000 	C:\WINDOWS\System32\SHELL32.dll
0x00007ff8923b0000 - 0x00007ff892b4e000 	C:\WINDOWS\SYSTEM32\windows.storage.dll
0x00007ff895150000 - 0x00007ff8954a3000 	C:\WINDOWS\System32\combase.dll
0x00007ff893ce0000 - 0x00007ff893d0e000 	C:\WINDOWS\SYSTEM32\Wldp.dll
0x00007ff895d30000 - 0x00007ff895dfd000 	C:\WINDOWS\System32\OLEAUT32.dll
0x00007ff8969c0000 - 0x00007ff896a6d000 	C:\WINDOWS\System32\SHCORE.dll
0x00007ff894e60000 - 0x00007ff894eb5000 	C:\WINDOWS\System32\shlwapi.dll
0x00007ff894230000 - 0x00007ff894255000 	C:\WINDOWS\SYSTEM32\profapi.dll

dbghelp: loaded successfully - version: 4.0.5 - missing functions: none
symbol engine: initialized successfully - sym options: 0x614 - pdb path: .;C:\Program Files\JetBrains\IntelliJ IDEA Community Edition 2023.2.1\jbr\bin;C:\WINDOWS\SYSTEM32;C:\WINDOWS\WinSxS\amd64_microsoft.windows.common-controls_6595b64144ccf1df_6.0.19041.3636_none_60b6a03d71f818d5;C:\Program Files\JetBrains\IntelliJ IDEA Community Edition 2023.2.1\jbr\bin\server

VM Arguments:
java_command: git4idea.http.GitAskPassApp Username for 'https://github.com': 
java_class_path (initial): C:/Program Files/JetBrains/IntelliJ IDEA Community Edition 2023.2.1/plugins/vcs-git/lib/git4idea-rt.jar;C:/Program Files/JetBrains/IntelliJ IDEA Community Edition 2023.2.1/lib/externalProcess-rt.jar
Launcher Type: SUN_STANDARD

[Global flags]
     intx CICompilerCount                          = 3                                         {product} {ergonomic}
     uint ConcGCThreads                            = 1                                         {product} {ergonomic}
     uint G1ConcRefinementThreads                  = 4                                         {product} {ergonomic}
   size_t G1HeapRegionSize                         = 1048576                                   {product} {ergonomic}
    uintx GCDrainStackTargetSize                   = 64                                        {product} {ergonomic}
   size_t InitialHeapSize                          = 67108864                                  {product} {ergonomic}
   size_t MarkStackSize                            = 4194304                                   {product} {ergonomic}
   size_t MaxHeapSize                              = 1052770304                                {product} {ergonomic}
   size_t MaxNewSize                               = 631242752                                 {product} {ergonomic}
   size_t MinHeapDeltaBytes                        = 1048576                                   {product} {ergonomic}
   size_t MinHeapSize                              = 8388608                                   {product} {ergonomic}
    uintx NonNMethodCodeHeapSize                   = 5832780                                {pd product} {ergonomic}
    uintx NonProfiledCodeHeapSize                  = 122912730                              {pd product} {ergonomic}
    uintx ProfiledCodeHeapSize                     = 122912730                              {pd product} {ergonomic}
    uintx ReservedCodeCacheSize                    = 251658240                              {pd product} {ergonomic}
     bool SegmentedCodeCache                       = true                                      {product} {ergonomic}
   size_t SoftMaxHeapSize                          = 1052770304                             {manageable} {ergonomic}
     bool UseCompressedClassPointers               = true                           {product lp64_product} {ergonomic}
     bool UseCompressedOops                        = true                           {product lp64_product} {ergonomic}
     bool UseG1GC                                  = true                                      {product} {ergonomic}
     bool UseLargePagesIndividualAllocation        = false                                  {pd product} {ergonomic}

Logging:
Log output configuration:
 #0: stdout all=warning uptime,level,tags
 #1: stderr all=off uptime,level,tags

Environment Variables:
JAVA_HOME=C:\Program Files\Eclipse Adoptium\jdk-17.0.8.7-hotspot\
PATH=C:\Program Files\Git\mingw64\libexec\git-core;C:\Program Files\Git\mingw64\libexec\git-core;C:\Program Files\Git\mingw64\bin;C:\Program Files\Git\usr\bin;C:\Users\ryoma\bin;C:\Program Files\Eclipse Adoptium\jdk-17.0.8.7-hotspot\bin;C:\WINDOWS\system32;C:\WINDOWS;C:\WINDOWS\System32\Wbem;C:\WINDOWS\System32\WindowsPowerShell\v1.0;C:\WINDOWS\System32\OpenSSH;C:\Program Files (x86)\JDL\system\object;C:\Program Files (x86)\JDL\system\dll;C:\Program Files\Git\cmd;C:\Program Files\PowerShell\7;C:\Users\ryoma\AppData\Local\Microsoft\WindowsApps;C:\Users\ryoma\AppData\Local\Programs\Microsoft VS Code\bin
USERNAME=ryoma
DISPLAY=:0.0
LC_ALL=en_US.UTF-8
TERM=xterm-256color
TMPDIR=C:\Users\ryoma\AppData\Local\Temp
OS=Windows_NT
PROCESSOR_IDENTIFIER=Intel64 Family 6 Model 142 Stepping 9, GenuineIntel
TMP=C:\Users\ryoma\AppData\Local\Temp
TEMP=C:\Users\ryoma\AppData\Local\Temp



Periodic native trim disabled

JNI global refs:
JNI global refs: 5, weak refs: 0

JNI global refs memory usage: 843, weak refs: 209

OOME stack traces (most recent first):
Classloader memory used:
Loader bootstrap                                                                       : 372K


---------------  S Y S T E M  ---------------

OS:
 Windows 10 , 64 bit Build 19041 (10.0.19041.3636)
OS uptime: 1 days 19:49 hours

CPU: total 4 (initial active 4) (2 cores per cpu, 2 threads per core) family 6 model 142 stepping 9 microcode 0xf4, cx8, cmov, fxsr, ht, mmx, 3dnowpref, sse, sse2, sse3, ssse3, sse4.1, sse4.2, popcnt, lzcnt, tsc, tscinvbit, avx, avx2, aes, erms, clmul, bmi1, bmi2, adx, fma, vzeroupper, clflush, clflushopt
Processor Information for all 4 processors :
  Max Mhz: 1608, Current Mhz: 1005, Mhz Limit: 996

Memory: 4k page, system-wide physical 4013M (304M free)
TotalPageFile size 16301M (AvailPageFile size 4M)
current process WorkingSet (physical memory assigned to process): 24M, peak: 24M
current process commit charge ("private bytes"): 125M, peak: 126M

vm_info: OpenJDK 64-Bit Server VM (17.0.10+7-b1000.48) for windows-amd64 JRE (17.0.10+7-b1000.48), built on 2024-01-24 by "builduser" with MS VC++ 16.10 / 16.11 (VS2019)

END.
