#
# There is insufficient memory for the Java Runtime Environment to continue.
# Native memory allocation (mmap) failed to map 295698432 bytes for G1 virtual space
# Possible reasons:
#   The system is out of physical RAM or swap space
#   The process is running with CompressedOops enabled, and the Java Heap may be blocking the growth of the native heap
# Possible solutions:
#   Reduce memory load on the system
#   Increase physical memory or swap space
#   Check if swap backing store is full
#   Decrease Java heap size (-Xmx/-Xms)
#   Decrease number of Java threads
#   Decrease Java thread stack sizes (-Xss)
#   Set larger code cache with -XX:ReservedCodeCacheSize=
#   JVM is running with Unscaled Compressed Oops mode in which the Java heap is
#     placed in the first 4GB address space. The Java Heap base address is the
#     maximum limit for the native heap growth. Please use -XX:HeapBaseMinAddress
#     to set the Java Heap base and to place the Java Heap above 4GB virtual address.
# This output file may be truncated or incomplete.
#
#  Out of Memory Error (os_windows.cpp:3617), pid=8760, tid=1552
#
# JRE version: OpenJDK Runtime Environment Temurin-17.0.8+7 (17.0.8+7) (build 17.0.8+7)
# Java VM: OpenJDK 64-Bit Server VM Temurin-17.0.8+7 (17.0.8+7, mixed mode, sharing, tiered, compressed oops, compressed class ptrs, g1 gc, windows-amd64)
# No core dump will be written. Minidumps are not enabled by default on client versions of Windows
#

---------------  S U M M A R Y ------------

Command Line: -Dforge.logging.console.level=debug -Dforge.logging.markers=REGISTRIES -DlegacyClassPath.file=C:\Users\ryoma\my mods\Rebuilding_World1.20.1\build\classpath\runData_minecraftClasspath.txt -DignoreList=bootstraplauncher,securejarhandler,asm-commons,asm-util,asm-analysis,asm-tree,asm,JarJarFileSystems,client-extra,fmlcore,javafmllanguage,lowcodelanguage,mclanguage,forge- -DmergeModules=jna-5.10.0.jar,jna-platform-5.10.0.jar -Djava.net.preferIPv6Addresses=system --module-path=C:\Users\ryoma\.gradle\caches\modules-2\files-2.1\cpw.mods\bootstraplauncher\1.1.2\c546e00443d8432cda6baa1c860346980742628\bootstraplauncher-1.1.2.jar;C:\Users\ryoma\.gradle\caches\modules-2\files-2.1\cpw.mods\securejarhandler\2.1.10\51e6a22c6c716beb11e244bf5b8be480f51dd6b5\securejarhandler-2.1.10.jar;C:\Users\ryoma\.gradle\caches\modules-2\files-2.1\org.ow2.asm\asm-commons\9.5\19ab5b5800a3910d30d3a3e64fdb00fd0cb42de0\asm-commons-9.5.jar;C:\Users\ryoma\.gradle\caches\modules-2\files-2.1\org.ow2.asm\asm-util\9.5\64b5a1fc8c1b15ed2efd6a063e976bc8d3dc5ffe\asm-util-9.5.jar;C:\Users\ryoma\.gradle\caches\modules-2\files-2.1\org.ow2.asm\asm-analysis\9.5\490bacc77de7cbc0be1a30bb3471072d705be4a4\asm-analysis-9.5.jar;C:\Users\ryoma\.gradle\caches\modules-2\files-2.1\org.ow2.asm\asm-tree\9.5\fd33c8b6373abaa675be407082fdfda35021254a\asm-tree-9.5.jar;C:\Users\ryoma\.gradle\caches\modules-2\files-2.1\org.ow2.asm\asm\9.5\dc6ea1875f4d64fbc85e1691c95b96a3d8569c90\asm-9.5.jar;C:\Users\ryoma\.gradle\caches\modules-2\files-2.1\net.minecraftforge\JarJarFileSystems\0.3.19\2464eb7d6b9ddb9db36a82cf8a95193e5c6fe020\JarJarFileSystems-0.3.19.jar --add-modules=ALL-MODULE-PATH --add-opens=java.base/java.util.jar=cpw.mods.securejarhandler --add-opens=java.base/java.lang.invoke=cpw.mods.securejarhandler --add-exports=java.base/sun.security.util=cpw.mods.securejarhandler --add-exports=jdk.naming.dns/com.sun.jndi.dns=java.naming -javaagent:C:\Program Files\JetBrains\IntelliJ IDEA Community Edition 2023.2.1\lib\idea_rt.jar=51679:C:\Program Files\JetBrains\IntelliJ IDEA Community Edition 2023.2.1\bin -Dfile.encoding=UTF-8 cpw.mods.bootstraplauncher.BootstrapLauncher --launchTarget forgedatauserdev --assetIndex 5 --assetsDir C:\Users\ryoma\.gradle\caches\forge_gradle\assets --gameDir . --fml.forgeVersion 47.1.0 --fml.mcVersion 1.20.1 --fml.forgeGroup net.minecraftforge --fml.mcpVersion 20230612.114412 --mod examplemod --all --output C:\Users\ryoma\my mods\Rebuilding_World1.20.1\src\generated\resources --existing C:\Users\ryoma\my mods\Rebuilding_World1.20.1\src\main\resources

Host: Intel(R) Core(TM) m3-7Y30 CPU @ 1.00GHz, 4 cores, 3G,  Windows 10 , 64 bit Build 19041 (10.0.19041.3636)
Time: Tue Mar 26 02:12:17 2024  Windows 10 , 64 bit Build 19041 (10.0.19041.3636) elapsed time: 58.326216 seconds (0d 0h 0m 58s)

---------------  T H R E A D  ---------------

Current thread (0x0000015963646600):  VMThread "VM Thread" [stack: 0x0000001eda600000,0x0000001eda700000] [id=1552]

Stack: [0x0000001eda600000,0x0000001eda700000]
Native frames: (J=compiled Java code, j=interpreted, Vv=VM code, C=native code)
V  [jvm.dll+0x678b0a]
V  [jvm.dll+0x835e84]
V  [jvm.dll+0x83762e]
V  [jvm.dll+0x837c93]
V  [jvm.dll+0x24746f]
V  [jvm.dll+0x675859]
V  [jvm.dll+0x66a0ea]
V  [jvm.dll+0x306c7b]
V  [jvm.dll+0x30e166]
V  [jvm.dll+0x35dd3e]
V  [jvm.dll+0x35df6f]
V  [jvm.dll+0x2ddb48]
V  [jvm.dll+0x2dbd0c]
V  [jvm.dll+0x2db2dc]
V  [jvm.dll+0x31f18b]
V  [jvm.dll+0x83c15b]
V  [jvm.dll+0x83ce94]
V  [jvm.dll+0x83d3ac]
V  [jvm.dll+0x83d784]
V  [jvm.dll+0x83d850]
V  [jvm.dll+0x7e64ca]
V  [jvm.dll+0x677955]
C  [ucrtbase.dll+0x21bb2]
C  [KERNEL32.DLL+0x17344]
C  [ntdll.dll+0x526b1]

VM_Operation (0x0000001eda0f71c0): G1CollectForAllocation, mode: safepoint, requested by thread 0x00000159481b5590


---------------  P R O C E S S  ---------------

Threads class SMR info:
_java_thread_list=0x00000159691060b0, length=14, elements={
0x00000159481b5590, 0x00000159636498b0, 0x000001596364a640, 0x0000015963666db0,
0x0000015963667880, 0x000001596366cf50, 0x000001596366af10, 0x0000015963671860,
0x0000015963674d30, 0x0000015963686620, 0x000001596373dbe0, 0x0000015968155ca0,
0x0000015968156180, 0x0000015969495050
}

Java Threads: ( => current thread )
  0x00000159481b5590 JavaThread "main" [_thread_blocked, id=5860, stack(0x0000001eda000000,0x0000001eda100000)]
  0x00000159636498b0 JavaThread "Reference Handler" daemon [_thread_blocked, id=12392, stack(0x0000001eda700000,0x0000001eda800000)]
  0x000001596364a640 JavaThread "Finalizer" daemon [_thread_blocked, id=5916, stack(0x0000001eda800000,0x0000001eda900000)]
  0x0000015963666db0 JavaThread "Signal Dispatcher" daemon [_thread_blocked, id=2684, stack(0x0000001eda900000,0x0000001edaa00000)]
  0x0000015963667880 JavaThread "Attach Listener" daemon [_thread_blocked, id=7668, stack(0x0000001edaa00000,0x0000001edab00000)]
  0x000001596366cf50 JavaThread "Service Thread" daemon [_thread_blocked, id=8424, stack(0x0000001edab00000,0x0000001edac00000)]
  0x000001596366af10 JavaThread "Monitor Deflation Thread" daemon [_thread_blocked, id=6232, stack(0x0000001edac00000,0x0000001edad00000)]
  0x0000015963671860 JavaThread "C2 CompilerThread0" daemon [_thread_blocked, id=10552, stack(0x0000001edad00000,0x0000001edae00000)]
  0x0000015963674d30 JavaThread "C1 CompilerThread0" daemon [_thread_blocked, id=13904, stack(0x0000001edae00000,0x0000001edaf00000)]
  0x0000015963686620 JavaThread "Sweeper thread" daemon [_thread_blocked, id=7264, stack(0x0000001edaf00000,0x0000001edb000000)]
  0x000001596373dbe0 JavaThread "Common-Cleaner" daemon [_thread_blocked, id=10352, stack(0x0000001edb000000,0x0000001edb100000)]
  0x0000015968155ca0 JavaThread "Monitor Ctrl-Break" daemon [_thread_in_native, id=476, stack(0x0000001edb100000,0x0000001edb200000)]
  0x0000015968156180 JavaThread "Notification Thread" daemon [_thread_blocked, id=9364, stack(0x0000001edb200000,0x0000001edb300000)]
  0x0000015969495050 JavaThread "pool-2-thread-1" daemon [_thread_blocked, id=4124, stack(0x0000001edb900000,0x0000001edba00000)]

Other Threads:
=>0x0000015963646600 VMThread "VM Thread" [stack: 0x0000001eda600000,0x0000001eda700000] [id=1552]
  0x00000159481fb4a0 WatcherThread [stack: 0x0000001edb300000,0x0000001edb400000] [id=2680]
  0x000001594615a830 GCTaskThread "GC Thread#0" [stack: 0x0000001eda100000,0x0000001eda200000] [id=13880]
  0x00000159683ade50 GCTaskThread "GC Thread#1" [stack: 0x0000001edb400000,0x0000001edb500000] [id=10828]
  0x000001596833ac20 GCTaskThread "GC Thread#2" [stack: 0x0000001edb500000,0x0000001edb600000] [id=372]
  0x000001596833aee0 GCTaskThread "GC Thread#3" [stack: 0x0000001edb600000,0x0000001edb700000] [id=4908]
  0x000001594615d5d0 ConcurrentGCThread "G1 Main Marker" [stack: 0x0000001eda200000,0x0000001eda300000] [id=1444]
  0x000001594615ddf0 ConcurrentGCThread "G1 Conc#0" [stack: 0x0000001eda300000,0x0000001eda400000] [id=12896]
  0x0000015948246990 ConcurrentGCThread "G1 Refine#0" [stack: 0x0000001eda400000,0x0000001eda500000] [id=13720]
  0x00000159697df170 ConcurrentGCThread "G1 Refine#1" [stack: 0x0000001edb700000,0x0000001edb800000] [id=12720]
  0x0000015968531a60 ConcurrentGCThread "G1 Refine#2" [stack: 0x0000001edb800000,0x0000001edb900000] [id=13532]
  0x00000159482472d0 ConcurrentGCThread "G1 Service" [stack: 0x0000001eda500000,0x0000001eda600000] [id=13764]

Threads with active compile tasks:
C2 CompilerThread0    58412 10019       4       jdk.dynalink.linker.GuardedInvocation::compose (128 bytes)

VM state: at safepoint (normal execution)

VM Mutex/Monitor currently owned by a thread:  ([mutex/lock_event])
[0x00000159481b13a0] Threads_lock - owner thread: 0x0000015963646600
[0x00000159481b07d0] Heap_lock - owner thread: 0x00000159481b5590

Heap address: 0x00000000c1400000, size: 1004 MB, Compressed Oops mode: 32-bit

CDS archive(s) mapped at: [0x0000015900000000-0x0000015900bd0000-0x0000015900bd0000), size 12386304, SharedBaseAddress: 0x0000015900000000, ArchiveRelocationMode: 1.
Compressed class space mapped at: 0x0000015901000000-0x0000015941000000, reserved size: 1073741824
Narrow klass base: 0x0000015900000000, Narrow klass shift: 0, Narrow klass range: 0x100000000

GC Precious Log:
 CPUs: 4 total, 4 available
 Memory: 4013M
 Large Page Support: Disabled
 NUMA Support: Disabled
 Compressed Oops: Enabled (32-bit)
 Heap Region Size: 1M
 Heap Min Capacity: 8M
 Heap Initial Capacity: 64M
 Heap Max Capacity: 1004M
 Pre-touch: Disabled
 Parallel Workers: 4
 Concurrent Workers: 1
 Concurrent Refinement Workers: 4
 Periodic GC: Disabled

Heap:
 garbage-first heap   total 306176K, used 147396K [0x00000000c1400000, 0x0000000100000000)
  region size 1024K, 15 young (15360K), 15 survivors (15360K)
 Metaspace       used 49687K, committed 50880K, reserved 1114112K
  class space    used 6755K, committed 7296K, reserved 1048576K

Heap Regions: E=young(eden), S=young(survivor), O=old, HS=humongous(starts), HC=humongous(continues), CS=collection set, F=free, OA=open archive, CA=closed archive, TAMS=top-at-mark-start (previous, next)
|   0|0x00000000c1400000, 0x00000000c1500000, 0x00000000c1500000|100%|HS|  |TAMS 0x00000000c1500000, 0x00000000c1400000| Complete 
|   1|0x00000000c1500000, 0x00000000c1600000, 0x00000000c1600000|100%|HS|  |TAMS 0x00000000c1600000, 0x00000000c1500000| Complete 
|   2|0x00000000c1600000, 0x00000000c1700000, 0x00000000c1700000|100%|HC|  |TAMS 0x00000000c1700000, 0x00000000c1600000| Complete 
|   3|0x00000000c1700000, 0x00000000c1800000, 0x00000000c1800000|100%| O|  |TAMS 0x00000000c1800000, 0x00000000c1700000| Untracked 
|   4|0x00000000c1800000, 0x00000000c1900000, 0x00000000c1900000|100%| O|  |TAMS 0x00000000c1900000, 0x00000000c1800000| Untracked 
|   5|0x00000000c1900000, 0x00000000c1a00000, 0x00000000c1a00000|100%| O|  |TAMS 0x00000000c1a00000, 0x00000000c1900000| Untracked 
|   6|0x00000000c1a00000, 0x00000000c1b00000, 0x00000000c1b00000|100%|HS|  |TAMS 0x00000000c1b00000, 0x00000000c1a00000| Complete 
|   7|0x00000000c1b00000, 0x00000000c1c00000, 0x00000000c1c00000|100%|HC|  |TAMS 0x00000000c1c00000, 0x00000000c1b00000| Complete 
|   8|0x00000000c1c00000, 0x00000000c1d00000, 0x00000000c1d00000|100%| O|  |TAMS 0x00000000c1d00000, 0x00000000c1c00000| Untracked 
|   9|0x00000000c1d00000, 0x00000000c1e00000, 0x00000000c1e00000|100%| O|  |TAMS 0x00000000c1e00000, 0x00000000c1d00000| Untracked 
|  10|0x00000000c1e00000, 0x00000000c1f00000, 0x00000000c1f00000|100%| O|  |TAMS 0x00000000c1f00000, 0x00000000c1e00000| Untracked 
|  11|0x00000000c1f00000, 0x00000000c2000000, 0x00000000c2000000|100%| O|  |TAMS 0x00000000c2000000, 0x00000000c1f00000| Untracked 
|  12|0x00000000c2000000, 0x00000000c2100000, 0x00000000c2100000|100%|HS|  |TAMS 0x00000000c2100000, 0x00000000c2000000| Complete 
|  13|0x00000000c2100000, 0x00000000c2200000, 0x00000000c2200000|100%|HC|  |TAMS 0x00000000c2200000, 0x00000000c2100000| Complete 
|  14|0x00000000c2200000, 0x00000000c2300000, 0x00000000c2300000|100%| O|  |TAMS 0x00000000c2300000, 0x00000000c2200000| Untracked 
|  15|0x00000000c2300000, 0x00000000c2400000, 0x00000000c2400000|100%| O|  |TAMS 0x00000000c2400000, 0x00000000c2300000| Untracked 
|  16|0x00000000c2400000, 0x00000000c2500000, 0x00000000c2500000|100%| O|  |TAMS 0x00000000c2500000, 0x00000000c2400000| Untracked 
|  17|0x00000000c2500000, 0x00000000c2600000, 0x00000000c2600000|100%| O|  |TAMS 0x00000000c2600000, 0x00000000c2500000| Untracked 
|  18|0x00000000c2600000, 0x00000000c2700000, 0x00000000c2700000|100%| O|  |TAMS 0x00000000c2700000, 0x00000000c2600000| Untracked 
|  19|0x00000000c2700000, 0x00000000c2800000, 0x00000000c2800000|100%| O|  |TAMS 0x00000000c2800000, 0x00000000c2700000| Untracked 
|  20|0x00000000c2800000, 0x00000000c2900000, 0x00000000c2900000|100%| O|  |TAMS 0x00000000c2900000, 0x00000000c2800000| Untracked 
|  21|0x00000000c2900000, 0x00000000c2a00000, 0x00000000c2a00000|100%| O|  |TAMS 0x00000000c2a00000, 0x00000000c2900000| Untracked 
|  22|0x00000000c2a00000, 0x00000000c2b00000, 0x00000000c2b00000|100%| O|  |TAMS 0x00000000c2b00000, 0x00000000c2a00000| Untracked 
|  23|0x00000000c2b00000, 0x00000000c2c00000, 0x00000000c2c00000|100%| O|  |TAMS 0x00000000c2c00000, 0x00000000c2b00000| Untracked 
|  24|0x00000000c2c00000, 0x00000000c2d00000, 0x00000000c2d00000|100%| O|  |TAMS 0x00000000c2d00000, 0x00000000c2c00000| Untracked 
|  25|0x00000000c2d00000, 0x00000000c2e00000, 0x00000000c2e00000|100%| O|  |TAMS 0x00000000c2e00000, 0x00000000c2d00000| Untracked 
|  26|0x00000000c2e00000, 0x00000000c2f00000, 0x00000000c2f00000|100%|HS|  |TAMS 0x00000000c2f00000, 0x00000000c2e00000| Complete 
|  27|0x00000000c2f00000, 0x00000000c3000000, 0x00000000c3000000|100%|HC|  |TAMS 0x00000000c3000000, 0x00000000c2f00000| Complete 
|  28|0x00000000c3000000, 0x00000000c3100000, 0x00000000c3100000|100%| O|  |TAMS 0x00000000c3100000, 0x00000000c3000000| Untracked 
|  29|0x00000000c3100000, 0x00000000c3200000, 0x00000000c3200000|100%| O|  |TAMS 0x00000000c3200000, 0x00000000c3100000| Untracked 
|  30|0x00000000c3200000, 0x00000000c3300000, 0x00000000c3300000|100%| O|  |TAMS 0x00000000c3300000, 0x00000000c3200000| Untracked 
|  31|0x00000000c3300000, 0x00000000c3400000, 0x00000000c3400000|100%| O|  |TAMS 0x00000000c3400000, 0x00000000c3300000| Untracked 
|  32|0x00000000c3400000, 0x00000000c3500000, 0x00000000c3500000|100%| O|  |TAMS 0x00000000c3500000, 0x00000000c3400000| Untracked 
|  33|0x00000000c3500000, 0x00000000c3600000, 0x00000000c3600000|100%| O|  |TAMS 0x00000000c3600000, 0x00000000c3500000| Untracked 
|  34|0x00000000c3600000, 0x00000000c3700000, 0x00000000c3700000|100%|HS|  |TAMS 0x00000000c3700000, 0x00000000c3600000| Complete 
|  35|0x00000000c3700000, 0x00000000c3800000, 0x00000000c3800000|100%| O|  |TAMS 0x00000000c3800000, 0x00000000c3700000| Untracked 
|  36|0x00000000c3800000, 0x00000000c3900000, 0x00000000c3900000|100%| O|  |TAMS 0x00000000c3900000, 0x00000000c3800000| Untracked 
|  37|0x00000000c3900000, 0x00000000c3a00000, 0x00000000c3a00000|100%|HS|  |TAMS 0x00000000c3a00000, 0x00000000c3900000| Complete 
|  38|0x00000000c3a00000, 0x00000000c3b00000, 0x00000000c3b00000|100%|HC|  |TAMS 0x00000000c3b00000, 0x00000000c3a00000| Complete 
|  39|0x00000000c3b00000, 0x00000000c3c00000, 0x00000000c3c00000|100%|HS|  |TAMS 0x00000000c3c00000, 0x00000000c3b00000| Complete 
|  40|0x00000000c3c00000, 0x00000000c3d00000, 0x00000000c3d00000|100%| O|  |TAMS 0x00000000c3d00000, 0x00000000c3c00000| Untracked 
|  41|0x00000000c3d00000, 0x00000000c3e00000, 0x00000000c3e00000|100%| O|  |TAMS 0x00000000c3e00000, 0x00000000c3d00000| Untracked 
|  42|0x00000000c3e00000, 0x00000000c3f00000, 0x00000000c3f00000|100%| O|  |TAMS 0x00000000c3f00000, 0x00000000c3e00000| Untracked 
|  43|0x00000000c3f00000, 0x00000000c4000000, 0x00000000c4000000|100%| O|  |TAMS 0x00000000c4000000, 0x00000000c3f00000| Untracked 
|  44|0x00000000c4000000, 0x00000000c4100000, 0x00000000c4100000|100%| O|  |TAMS 0x00000000c4100000, 0x00000000c4000000| Untracked 
|  45|0x00000000c4100000, 0x00000000c4200000, 0x00000000c4200000|100%| O|  |TAMS 0x00000000c4200000, 0x00000000c4100000| Untracked 
|  46|0x00000000c4200000, 0x00000000c4300000, 0x00000000c4300000|100%| O|  |TAMS 0x00000000c4300000, 0x00000000c4200000| Untracked 
|  47|0x00000000c4300000, 0x00000000c4400000, 0x00000000c4400000|100%| O|  |TAMS 0x00000000c4400000, 0x00000000c4300000| Untracked 
|  48|0x00000000c4400000, 0x00000000c4500000, 0x00000000c4500000|100%| O|  |TAMS 0x00000000c4500000, 0x00000000c4400000| Untracked 
|  49|0x00000000c4500000, 0x00000000c4600000, 0x00000000c4600000|100%| O|  |TAMS 0x00000000c4600000, 0x00000000c4500000| Untracked 
|  50|0x00000000c4600000, 0x00000000c4700000, 0x00000000c4700000|100%| O|  |TAMS 0x00000000c4700000, 0x00000000c4600000| Untracked 
|  51|0x00000000c4700000, 0x00000000c4800000, 0x00000000c4800000|100%| O|  |TAMS 0x00000000c4800000, 0x00000000c4700000| Untracked 
|  52|0x00000000c4800000, 0x00000000c4900000, 0x00000000c4900000|100%| O|  |TAMS 0x00000000c4900000, 0x00000000c4800000| Untracked 
|  53|0x00000000c4900000, 0x00000000c4a00000, 0x00000000c4a00000|100%| O|  |TAMS 0x00000000c4a00000, 0x00000000c4900000| Untracked 
|  54|0x00000000c4a00000, 0x00000000c4b00000, 0x00000000c4b00000|100%| O|  |TAMS 0x00000000c4b00000, 0x00000000c4a00000| Untracked 
|  55|0x00000000c4b00000, 0x00000000c4c00000, 0x00000000c4c00000|100%| O|  |TAMS 0x00000000c4c00000, 0x00000000c4b00000| Untracked 
|  56|0x00000000c4c00000, 0x00000000c4d00000, 0x00000000c4d00000|100%| O|  |TAMS 0x00000000c4d00000, 0x00000000c4c00000| Untracked 
|  57|0x00000000c4d00000, 0x00000000c4e00000, 0x00000000c4e00000|100%| O|  |TAMS 0x00000000c4e00000, 0x00000000c4d00000| Untracked 
|  58|0x00000000c4e00000, 0x00000000c4f00000, 0x00000000c4f00000|100%| O|  |TAMS 0x00000000c4f00000, 0x00000000c4e00000| Untracked 
|  59|0x00000000c4f00000, 0x00000000c5000000, 0x00000000c5000000|100%| O|  |TAMS 0x00000000c5000000, 0x00000000c4f00000| Untracked 
|  60|0x00000000c5000000, 0x00000000c5100000, 0x00000000c5100000|100%| O|  |TAMS 0x00000000c5100000, 0x00000000c5000000| Untracked 
|  61|0x00000000c5100000, 0x00000000c5200000, 0x00000000c5200000|100%| O|  |TAMS 0x00000000c5200000, 0x00000000c5100000| Untracked 
|  62|0x00000000c5200000, 0x00000000c5300000, 0x00000000c5300000|100%| O|  |TAMS 0x00000000c5300000, 0x00000000c5200000| Untracked 
|  63|0x00000000c5300000, 0x00000000c5400000, 0x00000000c5400000|100%| O|  |TAMS 0x00000000c5400000, 0x00000000c5300000| Untracked 
|  64|0x00000000c5400000, 0x00000000c5500000, 0x00000000c5500000|100%| O|  |TAMS 0x00000000c5500000, 0x00000000c5400000| Untracked 
|  65|0x00000000c5500000, 0x00000000c5600000, 0x00000000c5600000|100%| O|  |TAMS 0x00000000c5600000, 0x00000000c5500000| Untracked 
|  66|0x00000000c5600000, 0x00000000c5700000, 0x00000000c5700000|100%| O|  |TAMS 0x00000000c5700000, 0x00000000c5600000| Untracked 
|  67|0x00000000c5700000, 0x00000000c5800000, 0x00000000c5800000|100%| O|  |TAMS 0x00000000c5800000, 0x00000000c5700000| Untracked 
|  68|0x00000000c5800000, 0x00000000c5900000, 0x00000000c5900000|100%| O|  |TAMS 0x00000000c5900000, 0x00000000c5800000| Untracked 
|  69|0x00000000c5900000, 0x00000000c5a00000, 0x00000000c5a00000|100%| O|  |TAMS 0x00000000c5a00000, 0x00000000c5900000| Untracked 
|  70|0x00000000c5a00000, 0x00000000c5b00000, 0x00000000c5b00000|100%| O|  |TAMS 0x00000000c5b00000, 0x00000000c5a00000| Untracked 
|  71|0x00000000c5b00000, 0x00000000c5c00000, 0x00000000c5c00000|100%| O|  |TAMS 0x00000000c5c00000, 0x00000000c5b00000| Untracked 
|  72|0x00000000c5c00000, 0x00000000c5d00000, 0x00000000c5d00000|100%| O|  |TAMS 0x00000000c5d00000, 0x00000000c5c00000| Untracked 
|  73|0x00000000c5d00000, 0x00000000c5d00000, 0x00000000c5e00000|  0%| F|  |TAMS 0x00000000c5d00000, 0x00000000c5d00000| Untracked 
|  74|0x00000000c5e00000, 0x00000000c5f00000, 0x00000000c5f00000|100%| O|  |TAMS 0x00000000c5f00000, 0x00000000c5e00000| Untracked 
|  75|0x00000000c5f00000, 0x00000000c6000000, 0x00000000c6000000|100%| O|  |TAMS 0x00000000c6000000, 0x00000000c5f00000| Untracked 
|  76|0x00000000c6000000, 0x00000000c6100000, 0x00000000c6100000|100%| O|  |TAMS 0x00000000c6100000, 0x00000000c6000000| Untracked 
|  77|0x00000000c6100000, 0x00000000c6200000, 0x00000000c6200000|100%| O|  |TAMS 0x00000000c6200000, 0x00000000c6100000| Untracked 
|  78|0x00000000c6200000, 0x00000000c6300000, 0x00000000c6300000|100%| O|  |TAMS 0x00000000c6300000, 0x00000000c6200000| Untracked 
|  79|0x00000000c6300000, 0x00000000c6400000, 0x00000000c6400000|100%| O|  |TAMS 0x00000000c6400000, 0x00000000c6300000| Untracked 
|  80|0x00000000c6400000, 0x00000000c6500000, 0x00000000c6500000|100%| O|  |TAMS 0x00000000c6500000, 0x00000000c6400000| Untracked 
|  81|0x00000000c6500000, 0x00000000c6600000, 0x00000000c6600000|100%| O|  |TAMS 0x00000000c6600000, 0x00000000c6500000| Untracked 
|  82|0x00000000c6600000, 0x00000000c6700000, 0x00000000c6700000|100%| O|  |TAMS 0x00000000c6700000, 0x00000000c6600000| Untracked 
|  83|0x00000000c6700000, 0x00000000c6800000, 0x00000000c6800000|100%| O|  |TAMS 0x00000000c6800000, 0x00000000c6700000| Untracked 
|  84|0x00000000c6800000, 0x00000000c6900000, 0x00000000c6900000|100%| O|  |TAMS 0x00000000c6900000, 0x00000000c6800000| Untracked 
|  85|0x00000000c6900000, 0x00000000c6a00000, 0x00000000c6a00000|100%| O|  |TAMS 0x00000000c6a00000, 0x00000000c6900000| Untracked 
|  86|0x00000000c6a00000, 0x00000000c6b00000, 0x00000000c6b00000|100%| O|  |TAMS 0x00000000c6b00000, 0x00000000c6a00000| Untracked 
|  87|0x00000000c6b00000, 0x00000000c6c00000, 0x00000000c6c00000|100%| O|  |TAMS 0x00000000c6c00000, 0x00000000c6b00000| Untracked 
|  88|0x00000000c6c00000, 0x00000000c6d00000, 0x00000000c6d00000|100%| O|  |TAMS 0x00000000c6d00000, 0x00000000c6c00000| Untracked 
|  89|0x00000000c6d00000, 0x00000000c6e00000, 0x00000000c6e00000|100%| O|  |TAMS 0x00000000c6e00000, 0x00000000c6d00000| Untracked 
|  90|0x00000000c6e00000, 0x00000000c6f00000, 0x00000000c6f00000|100%| O|  |TAMS 0x00000000c6f00000, 0x00000000c6e00000| Untracked 
|  91|0x00000000c6f00000, 0x00000000c7000000, 0x00000000c7000000|100%| O|  |TAMS 0x00000000c7000000, 0x00000000c6f00000| Untracked 
|  92|0x00000000c7000000, 0x00000000c7100000, 0x00000000c7100000|100%| O|  |TAMS 0x00000000c7100000, 0x00000000c7000000| Untracked 
|  93|0x00000000c7100000, 0x00000000c7200000, 0x00000000c7200000|100%| O|  |TAMS 0x00000000c7200000, 0x00000000c7100000| Untracked 
|  94|0x00000000c7200000, 0x00000000c7300000, 0x00000000c7300000|100%| O|  |TAMS 0x00000000c7300000, 0x00000000c7200000| Untracked 
|  95|0x00000000c7300000, 0x00000000c7400000, 0x00000000c7400000|100%| O|  |TAMS 0x00000000c7400000, 0x00000000c7300000| Untracked 
|  96|0x00000000c7400000, 0x00000000c7500000, 0x00000000c7500000|100%| O|  |TAMS 0x00000000c7500000, 0x00000000c7400000| Untracked 
|  97|0x00000000c7500000, 0x00000000c7600000, 0x00000000c7600000|100%| O|  |TAMS 0x00000000c7600000, 0x00000000c7500000| Untracked 
|  98|0x00000000c7600000, 0x00000000c7700000, 0x00000000c7700000|100%| O|  |TAMS 0x00000000c7700000, 0x00000000c7600000| Untracked 
|  99|0x00000000c7700000, 0x00000000c7800000, 0x00000000c7800000|100%| O|  |TAMS 0x00000000c7800000, 0x00000000c7700000| Untracked 
| 100|0x00000000c7800000, 0x00000000c7900000, 0x00000000c7900000|100%| O|  |TAMS 0x00000000c7900000, 0x00000000c7800000| Untracked 
| 101|0x00000000c7900000, 0x00000000c7a00000, 0x00000000c7a00000|100%| O|  |TAMS 0x00000000c7a00000, 0x00000000c7900000| Untracked 
| 102|0x00000000c7a00000, 0x00000000c7b00000, 0x00000000c7b00000|100%| O|  |TAMS 0x00000000c7b00000, 0x00000000c7a00000| Untracked 
| 103|0x00000000c7b00000, 0x00000000c7c00000, 0x00000000c7c00000|100%| O|  |TAMS 0x00000000c7bd4e00, 0x00000000c7b00000| Untracked 
| 104|0x00000000c7c00000, 0x00000000c7d00000, 0x00000000c7d00000|100%| O|  |TAMS 0x00000000c7c00000, 0x00000000c7c00000| Untracked 
| 105|0x00000000c7d00000, 0x00000000c7e00000, 0x00000000c7e00000|100%| O|  |TAMS 0x00000000c7d00000, 0x00000000c7d00000| Untracked 
| 106|0x00000000c7e00000, 0x00000000c7f00000, 0x00000000c7f00000|100%| O|  |TAMS 0x00000000c7e00000, 0x00000000c7e00000| Untracked 
| 107|0x00000000c7f00000, 0x00000000c8000000, 0x00000000c8000000|100%| O|  |TAMS 0x00000000c7f00000, 0x00000000c7f00000| Untracked 
| 108|0x00000000c8000000, 0x00000000c8100000, 0x00000000c8100000|100%| O|  |TAMS 0x00000000c8000000, 0x00000000c8000000| Untracked 
| 109|0x00000000c8100000, 0x00000000c8200000, 0x00000000c8200000|100%| O|  |TAMS 0x00000000c8100000, 0x00000000c8100000| Untracked 
| 110|0x00000000c8200000, 0x00000000c8300000, 0x00000000c8300000|100%| O|  |TAMS 0x00000000c8200000, 0x00000000c8200000| Untracked 
| 111|0x00000000c8300000, 0x00000000c8400000, 0x00000000c8400000|100%| O|  |TAMS 0x00000000c8300000, 0x00000000c8300000| Untracked 
| 112|0x00000000c8400000, 0x00000000c8500000, 0x00000000c8500000|100%| O|  |TAMS 0x00000000c8400000, 0x00000000c8400000| Untracked 
| 113|0x00000000c8500000, 0x00000000c8600000, 0x00000000c8600000|100%| O|  |TAMS 0x00000000c8500000, 0x00000000c8500000| Untracked 
| 114|0x00000000c8600000, 0x00000000c8700000, 0x00000000c8700000|100%| O|  |TAMS 0x00000000c8600000, 0x00000000c8600000| Untracked 
| 115|0x00000000c8700000, 0x00000000c8800000, 0x00000000c8800000|100%| O|  |TAMS 0x00000000c8700000, 0x00000000c8700000| Untracked 
| 116|0x00000000c8800000, 0x00000000c8900000, 0x00000000c8900000|100%| O|  |TAMS 0x00000000c8800000, 0x00000000c8800000| Untracked 
| 117|0x00000000c8900000, 0x00000000c8a00000, 0x00000000c8a00000|100%| O|  |TAMS 0x00000000c8900000, 0x00000000c8900000| Untracked 
| 118|0x00000000c8a00000, 0x00000000c8b00000, 0x00000000c8b00000|100%| O|  |TAMS 0x00000000c8a00000, 0x00000000c8a00000| Untracked 
| 119|0x00000000c8b00000, 0x00000000c8c00000, 0x00000000c8c00000|100%| O|  |TAMS 0x00000000c8b00000, 0x00000000c8b00000| Untracked 
| 120|0x00000000c8c00000, 0x00000000c8d00000, 0x00000000c8d00000|100%| O|  |TAMS 0x00000000c8c00000, 0x00000000c8c00000| Untracked 
| 121|0x00000000c8d00000, 0x00000000c8e00000, 0x00000000c8e00000|100%| O|  |TAMS 0x00000000c8d00000, 0x00000000c8d00000| Untracked 
| 122|0x00000000c8e00000, 0x00000000c8f00000, 0x00000000c8f00000|100%| O|  |TAMS 0x00000000c8e00000, 0x00000000c8e00000| Untracked 
| 123|0x00000000c8f00000, 0x00000000c9000000, 0x00000000c9000000|100%| O|  |TAMS 0x00000000c8f00000, 0x00000000c8f00000| Untracked 
| 124|0x00000000c9000000, 0x00000000c9100000, 0x00000000c9100000|100%| O|  |TAMS 0x00000000c9000000, 0x00000000c9000000| Untracked 
| 125|0x00000000c9100000, 0x00000000c9200000, 0x00000000c9200000|100%| O|  |TAMS 0x00000000c9100000, 0x00000000c9100000| Untracked 
| 126|0x00000000c9200000, 0x00000000c9300000, 0x00000000c9300000|100%| O|  |TAMS 0x00000000c9200000, 0x00000000c9200000| Untracked 
| 127|0x00000000c9300000, 0x00000000c9400000, 0x00000000c9400000|100%| O|  |TAMS 0x00000000c9300000, 0x00000000c9300000| Untracked 
| 128|0x00000000c9400000, 0x00000000c9400000, 0x00000000c9500000|  0%| F|  |TAMS 0x00000000c9400000, 0x00000000c9400000| Untracked 
| 129|0x00000000c9500000, 0x00000000c9600000, 0x00000000c9600000|100%| O|  |TAMS 0x00000000c9500000, 0x00000000c9500000| Untracked 
| 130|0x00000000c9600000, 0x00000000c96f1000, 0x00000000c9700000| 94%| O|  |TAMS 0x00000000c9600000, 0x00000000c9600000| Untracked 
| 131|0x00000000c9700000, 0x00000000c9700000, 0x00000000c9800000|  0%| F|  |TAMS 0x00000000c9700000, 0x00000000c9700000| Untracked 
| 132|0x00000000c9800000, 0x00000000c9800000, 0x00000000c9900000|  0%| F|  |TAMS 0x00000000c9800000, 0x00000000c9800000| Untracked 
| 133|0x00000000c9900000, 0x00000000c9900000, 0x00000000c9a00000|  0%| F|  |TAMS 0x00000000c9900000, 0x00000000c9900000| Untracked 
| 134|0x00000000c9a00000, 0x00000000c9a00000, 0x00000000c9b00000|  0%| F|  |TAMS 0x00000000c9a00000, 0x00000000c9a00000| Untracked 
| 135|0x00000000c9b00000, 0x00000000c9b00000, 0x00000000c9c00000|  0%| F|  |TAMS 0x00000000c9b00000, 0x00000000c9b00000| Untracked 
| 136|0x00000000c9c00000, 0x00000000c9c00000, 0x00000000c9d00000|  0%| F|  |TAMS 0x00000000c9c00000, 0x00000000c9c00000| Untracked 
| 137|0x00000000c9d00000, 0x00000000c9d00000, 0x00000000c9e00000|  0%| F|  |TAMS 0x00000000c9d00000, 0x00000000c9d00000| Untracked 
| 138|0x00000000c9e00000, 0x00000000c9e00000, 0x00000000c9f00000|  0%| F|  |TAMS 0x00000000c9e00000, 0x00000000c9e00000| Untracked 
| 139|0x00000000c9f00000, 0x00000000c9f00000, 0x00000000ca000000|  0%| F|  |TAMS 0x00000000c9f00000, 0x00000000c9f00000| Untracked 
| 140|0x00000000ca000000, 0x00000000ca000000, 0x00000000ca100000|  0%| F|  |TAMS 0x00000000ca000000, 0x00000000ca000000| Untracked 
| 141|0x00000000ca100000, 0x00000000ca100000, 0x00000000ca200000|  0%| F|  |TAMS 0x00000000ca100000, 0x00000000ca100000| Untracked 
| 142|0x00000000ca200000, 0x00000000ca200000, 0x00000000ca300000|  0%| F|  |TAMS 0x00000000ca200000, 0x00000000ca200000| Untracked 
| 143|0x00000000ca300000, 0x00000000ca300000, 0x00000000ca400000|  0%| F|  |TAMS 0x00000000ca300000, 0x00000000ca300000| Untracked 
| 144|0x00000000ca400000, 0x00000000ca400000, 0x00000000ca500000|  0%| F|  |TAMS 0x00000000ca400000, 0x00000000ca400000| Untracked 
| 145|0x00000000ca500000, 0x00000000ca500000, 0x00000000ca600000|  0%| F|  |TAMS 0x00000000ca500000, 0x00000000ca500000| Untracked 
| 146|0x00000000ca600000, 0x00000000ca600000, 0x00000000ca700000|  0%| F|  |TAMS 0x00000000ca600000, 0x00000000ca600000| Untracked 
| 147|0x00000000ca700000, 0x00000000ca700000, 0x00000000ca800000|  0%| F|  |TAMS 0x00000000ca700000, 0x00000000ca700000| Untracked 
| 148|0x00000000ca800000, 0x00000000ca800000, 0x00000000ca900000|  0%| F|  |TAMS 0x00000000ca800000, 0x00000000ca800000| Untracked 
| 149|0x00000000ca900000, 0x00000000ca900000, 0x00000000caa00000|  0%| F|  |TAMS 0x00000000ca900000, 0x00000000ca900000| Untracked 
| 150|0x00000000caa00000, 0x00000000caa00000, 0x00000000cab00000|  0%| F|  |TAMS 0x00000000caa00000, 0x00000000caa00000| Untracked 
| 151|0x00000000cab00000, 0x00000000cab00000, 0x00000000cac00000|  0%| F|  |TAMS 0x00000000cab00000, 0x00000000cab00000| Untracked 
| 152|0x00000000cac00000, 0x00000000cac00000, 0x00000000cad00000|  0%| F|  |TAMS 0x00000000cac00000, 0x00000000cac00000| Untracked 
| 153|0x00000000cad00000, 0x00000000cad00000, 0x00000000cae00000|  0%| F|  |TAMS 0x00000000cad00000, 0x00000000cad00000| Untracked 
| 154|0x00000000cae00000, 0x00000000cae00000, 0x00000000caf00000|  0%| F|  |TAMS 0x00000000cae00000, 0x00000000cae00000| Untracked 
| 155|0x00000000caf00000, 0x00000000caf00000, 0x00000000cb000000|  0%| F|  |TAMS 0x00000000caf00000, 0x00000000caf00000| Untracked 
| 156|0x00000000cb000000, 0x00000000cb000000, 0x00000000cb100000|  0%| F|  |TAMS 0x00000000cb000000, 0x00000000cb000000| Untracked 
| 157|0x00000000cb100000, 0x00000000cb100000, 0x00000000cb200000|  0%| F|  |TAMS 0x00000000cb100000, 0x00000000cb100000| Untracked 
| 158|0x00000000cb200000, 0x00000000cb200000, 0x00000000cb300000|  0%| F|  |TAMS 0x00000000cb200000, 0x00000000cb200000| Untracked 
| 159|0x00000000cb300000, 0x00000000cb300000, 0x00000000cb400000|  0%| F|  |TAMS 0x00000000cb300000, 0x00000000cb300000| Untracked 
| 160|0x00000000cb400000, 0x00000000cb400000, 0x00000000cb500000|  0%| F|  |TAMS 0x00000000cb400000, 0x00000000cb400000| Untracked 
| 161|0x00000000cb500000, 0x00000000cb500000, 0x00000000cb600000|  0%| F|  |TAMS 0x00000000cb500000, 0x00000000cb500000| Untracked 
| 162|0x00000000cb600000, 0x00000000cb600000, 0x00000000cb700000|  0%| F|  |TAMS 0x00000000cb600000, 0x00000000cb600000| Untracked 
| 163|0x00000000cb700000, 0x00000000cb700000, 0x00000000cb800000|  0%| F|  |TAMS 0x00000000cb700000, 0x00000000cb700000| Untracked 
| 164|0x00000000cb800000, 0x00000000cb800000, 0x00000000cb900000|  0%| F|  |TAMS 0x00000000cb800000, 0x00000000cb800000| Untracked 
| 165|0x00000000cb900000, 0x00000000cb900000, 0x00000000cba00000|  0%| F|  |TAMS 0x00000000cb900000, 0x00000000cb900000| Untracked 
| 166|0x00000000cba00000, 0x00000000cba00000, 0x00000000cbb00000|  0%| F|  |TAMS 0x00000000cba00000, 0x00000000cba00000| Untracked 
| 167|0x00000000cbb00000, 0x00000000cbb00000, 0x00000000cbc00000|  0%| F|  |TAMS 0x00000000cbb00000, 0x00000000cbb00000| Untracked 
| 168|0x00000000cbc00000, 0x00000000cbc00000, 0x00000000cbd00000|  0%| F|  |TAMS 0x00000000cbc00000, 0x00000000cbc00000| Untracked 
| 169|0x00000000cbd00000, 0x00000000cbd00000, 0x00000000cbe00000|  0%| F|  |TAMS 0x00000000cbd00000, 0x00000000cbd00000| Untracked 
| 170|0x00000000cbe00000, 0x00000000cbf00000, 0x00000000cbf00000|100%| S|CS|TAMS 0x00000000cbe00000, 0x00000000cbe00000| Complete 
| 171|0x00000000cbf00000, 0x00000000cc000000, 0x00000000cc000000|100%| S|CS|TAMS 0x00000000cbf00000, 0x00000000cbf00000| Complete 
| 172|0x00000000cc000000, 0x00000000cc100000, 0x00000000cc100000|100%| S|CS|TAMS 0x00000000cc000000, 0x00000000cc000000| Complete 
| 173|0x00000000cc100000, 0x00000000cc200000, 0x00000000cc200000|100%| S|CS|TAMS 0x00000000cc100000, 0x00000000cc100000| Complete 
| 174|0x00000000cc200000, 0x00000000cc300000, 0x00000000cc300000|100%| S|CS|TAMS 0x00000000cc200000, 0x00000000cc200000| Complete 
| 175|0x00000000cc300000, 0x00000000cc400000, 0x00000000cc400000|100%| S|CS|TAMS 0x00000000cc300000, 0x00000000cc300000| Complete 
| 176|0x00000000cc400000, 0x00000000cc500000, 0x00000000cc500000|100%| S|CS|TAMS 0x00000000cc400000, 0x00000000cc400000| Complete 
| 177|0x00000000cc500000, 0x00000000cc600000, 0x00000000cc600000|100%| S|CS|TAMS 0x00000000cc500000, 0x00000000cc500000| Complete 
| 178|0x00000000cc600000, 0x00000000cc700000, 0x00000000cc700000|100%| S|CS|TAMS 0x00000000cc600000, 0x00000000cc600000| Complete 
| 179|0x00000000cc700000, 0x00000000cc800000, 0x00000000cc800000|100%| S|CS|TAMS 0x00000000cc700000, 0x00000000cc700000| Complete 
| 180|0x00000000cc800000, 0x00000000cc900000, 0x00000000cc900000|100%| S|CS|TAMS 0x00000000cc800000, 0x00000000cc800000| Complete 
| 181|0x00000000cc900000, 0x00000000cca00000, 0x00000000cca00000|100%| S|CS|TAMS 0x00000000cc900000, 0x00000000cc900000| Complete 
| 182|0x00000000cca00000, 0x00000000ccb00000, 0x00000000ccb00000|100%| S|CS|TAMS 0x00000000cca00000, 0x00000000cca00000| Complete 
| 183|0x00000000ccb00000, 0x00000000ccc00000, 0x00000000ccc00000|100%| S|CS|TAMS 0x00000000ccb00000, 0x00000000ccb00000| Complete 
| 184|0x00000000ccc00000, 0x00000000ccd00000, 0x00000000ccd00000|100%| S|CS|TAMS 0x00000000ccc00000, 0x00000000ccc00000| Complete 
| 185|0x00000000ccd00000, 0x00000000ccd00000, 0x00000000cce00000|  0%| F|  |TAMS 0x00000000ccd00000, 0x00000000ccd00000| Untracked 
| 186|0x00000000cce00000, 0x00000000cce00000, 0x00000000ccf00000|  0%| F|  |TAMS 0x00000000cce00000, 0x00000000cce00000| Untracked 
| 187|0x00000000ccf00000, 0x00000000ccf00000, 0x00000000cd000000|  0%| F|  |TAMS 0x00000000ccf00000, 0x00000000ccf00000| Untracked 
| 188|0x00000000cd000000, 0x00000000cd000000, 0x00000000cd100000|  0%| F|  |TAMS 0x00000000cd000000, 0x00000000cd000000| Untracked 
| 189|0x00000000cd100000, 0x00000000cd100000, 0x00000000cd200000|  0%| F|  |TAMS 0x00000000cd100000, 0x00000000cd100000| Untracked 
| 190|0x00000000cd200000, 0x00000000cd200000, 0x00000000cd300000|  0%| F|  |TAMS 0x00000000cd200000, 0x00000000cd200000| Untracked 
| 191|0x00000000cd300000, 0x00000000cd300000, 0x00000000cd400000|  0%| F|  |TAMS 0x00000000cd300000, 0x00000000cd300000| Untracked 
| 192|0x00000000cd400000, 0x00000000cd400000, 0x00000000cd500000|  0%| F|  |TAMS 0x00000000cd400000, 0x00000000cd400000| Untracked 
| 193|0x00000000cd500000, 0x00000000cd500000, 0x00000000cd600000|  0%| F|  |TAMS 0x00000000cd500000, 0x00000000cd500000| Untracked 
| 194|0x00000000cd600000, 0x00000000cd600000, 0x00000000cd700000|  0%| F|  |TAMS 0x00000000cd600000, 0x00000000cd600000| Untracked 
| 195|0x00000000cd700000, 0x00000000cd700000, 0x00000000cd800000|  0%| F|  |TAMS 0x00000000cd700000, 0x00000000cd700000| Untracked 
| 196|0x00000000cd800000, 0x00000000cd800000, 0x00000000cd900000|  0%| F|  |TAMS 0x00000000cd800000, 0x00000000cd800000| Untracked 
| 197|0x00000000cd900000, 0x00000000cd900000, 0x00000000cda00000|  0%| F|  |TAMS 0x00000000cd900000, 0x00000000cd900000| Untracked 
| 198|0x00000000cda00000, 0x00000000cda00000, 0x00000000cdb00000|  0%| F|  |TAMS 0x00000000cda00000, 0x00000000cda00000| Untracked 
| 199|0x00000000cdb00000, 0x00000000cdb00000, 0x00000000cdc00000|  0%| F|  |TAMS 0x00000000cdb00000, 0x00000000cdb00000| Untracked 
| 200|0x00000000cdc00000, 0x00000000cdc00000, 0x00000000cdd00000|  0%| F|  |TAMS 0x00000000cdc00000, 0x00000000cdc00000| Untracked 
| 201|0x00000000cdd00000, 0x00000000cdd00000, 0x00000000cde00000|  0%| F|  |TAMS 0x00000000cdd00000, 0x00000000cdd00000| Untracked 
| 202|0x00000000cde00000, 0x00000000cde00000, 0x00000000cdf00000|  0%| F|  |TAMS 0x00000000cde00000, 0x00000000cde00000| Untracked 
| 203|0x00000000cdf00000, 0x00000000cdf00000, 0x00000000ce000000|  0%| F|  |TAMS 0x00000000cdf00000, 0x00000000cdf00000| Untracked 
| 204|0x00000000ce000000, 0x00000000ce000000, 0x00000000ce100000|  0%| F|  |TAMS 0x00000000ce000000, 0x00000000ce000000| Untracked 
| 205|0x00000000ce100000, 0x00000000ce100000, 0x00000000ce200000|  0%| F|  |TAMS 0x00000000ce100000, 0x00000000ce100000| Untracked 
| 206|0x00000000ce200000, 0x00000000ce200000, 0x00000000ce300000|  0%| F|  |TAMS 0x00000000ce200000, 0x00000000ce200000| Untracked 
| 207|0x00000000ce300000, 0x00000000ce300000, 0x00000000ce400000|  0%| F|  |TAMS 0x00000000ce300000, 0x00000000ce300000| Untracked 
| 208|0x00000000ce400000, 0x00000000ce400000, 0x00000000ce500000|  0%| F|  |TAMS 0x00000000ce400000, 0x00000000ce400000| Untracked 
| 209|0x00000000ce500000, 0x00000000ce500000, 0x00000000ce600000|  0%| F|  |TAMS 0x00000000ce500000, 0x00000000ce500000| Untracked 
| 210|0x00000000ce600000, 0x00000000ce600000, 0x00000000ce700000|  0%| F|  |TAMS 0x00000000ce600000, 0x00000000ce600000| Untracked 
| 211|0x00000000ce700000, 0x00000000ce700000, 0x00000000ce800000|  0%| F|  |TAMS 0x00000000ce700000, 0x00000000ce700000| Untracked 
| 212|0x00000000ce800000, 0x00000000ce800000, 0x00000000ce900000|  0%| F|  |TAMS 0x00000000ce800000, 0x00000000ce800000| Untracked 
| 213|0x00000000ce900000, 0x00000000ce900000, 0x00000000cea00000|  0%| F|  |TAMS 0x00000000ce900000, 0x00000000ce900000| Untracked 
| 214|0x00000000cea00000, 0x00000000cea00000, 0x00000000ceb00000|  0%| F|  |TAMS 0x00000000cea00000, 0x00000000cea00000| Untracked 
| 215|0x00000000ceb00000, 0x00000000ceb00000, 0x00000000cec00000|  0%| F|  |TAMS 0x00000000ceb00000, 0x00000000ceb00000| Untracked 
| 216|0x00000000cec00000, 0x00000000cec00000, 0x00000000ced00000|  0%| F|  |TAMS 0x00000000cec00000, 0x00000000cec00000| Untracked 
| 217|0x00000000ced00000, 0x00000000ced00000, 0x00000000cee00000|  0%| F|  |TAMS 0x00000000ced00000, 0x00000000ced00000| Untracked 
| 218|0x00000000cee00000, 0x00000000cee00000, 0x00000000cef00000|  0%| F|  |TAMS 0x00000000cee00000, 0x00000000cee00000| Untracked 
| 219|0x00000000cef00000, 0x00000000cef00000, 0x00000000cf000000|  0%| F|  |TAMS 0x00000000cef00000, 0x00000000cef00000| Untracked 
| 220|0x00000000cf000000, 0x00000000cf000000, 0x00000000cf100000|  0%| F|  |TAMS 0x00000000cf000000, 0x00000000cf000000| Untracked 
| 221|0x00000000cf100000, 0x00000000cf100000, 0x00000000cf200000|  0%| F|  |TAMS 0x00000000cf100000, 0x00000000cf100000| Untracked 
| 222|0x00000000cf200000, 0x00000000cf200000, 0x00000000cf300000|  0%| F|  |TAMS 0x00000000cf200000, 0x00000000cf200000| Untracked 
| 223|0x00000000cf300000, 0x00000000cf300000, 0x00000000cf400000|  0%| F|  |TAMS 0x00000000cf300000, 0x00000000cf300000| Untracked 
| 224|0x00000000cf400000, 0x00000000cf400000, 0x00000000cf500000|  0%| F|  |TAMS 0x00000000cf400000, 0x00000000cf400000| Untracked 
| 225|0x00000000cf500000, 0x00000000cf500000, 0x00000000cf600000|  0%| F|  |TAMS 0x00000000cf500000, 0x00000000cf500000| Untracked 
| 226|0x00000000cf600000, 0x00000000cf600000, 0x00000000cf700000|  0%| F|  |TAMS 0x00000000cf600000, 0x00000000cf600000| Untracked 
| 227|0x00000000cf700000, 0x00000000cf700000, 0x00000000cf800000|  0%| F|  |TAMS 0x00000000cf700000, 0x00000000cf700000| Untracked 
| 228|0x00000000cf800000, 0x00000000cf800000, 0x00000000cf900000|  0%| F|  |TAMS 0x00000000cf800000, 0x00000000cf800000| Untracked 
| 229|0x00000000cf900000, 0x00000000cf900000, 0x00000000cfa00000|  0%| F|  |TAMS 0x00000000cf900000, 0x00000000cf900000| Untracked 
| 230|0x00000000cfa00000, 0x00000000cfa00000, 0x00000000cfb00000|  0%| F|  |TAMS 0x00000000cfa00000, 0x00000000cfa00000| Untracked 
| 231|0x00000000cfb00000, 0x00000000cfb00000, 0x00000000cfc00000|  0%| F|  |TAMS 0x00000000cfb00000, 0x00000000cfb00000| Untracked 
| 232|0x00000000cfc00000, 0x00000000cfc00000, 0x00000000cfd00000|  0%| F|  |TAMS 0x00000000cfc00000, 0x00000000cfc00000| Untracked 
| 233|0x00000000cfd00000, 0x00000000cfd00000, 0x00000000cfe00000|  0%| F|  |TAMS 0x00000000cfd00000, 0x00000000cfd00000| Untracked 
| 234|0x00000000cfe00000, 0x00000000cfe00000, 0x00000000cff00000|  0%| F|  |TAMS 0x00000000cfe00000, 0x00000000cfe00000| Untracked 
| 235|0x00000000cff00000, 0x00000000cff00000, 0x00000000d0000000|  0%| F|  |TAMS 0x00000000cff00000, 0x00000000cff00000| Untracked 
| 236|0x00000000d0000000, 0x00000000d0000000, 0x00000000d0100000|  0%| F|  |TAMS 0x00000000d0000000, 0x00000000d0000000| Untracked 
| 237|0x00000000d0100000, 0x00000000d0100000, 0x00000000d0200000|  0%| F|  |TAMS 0x00000000d0100000, 0x00000000d0100000| Untracked 
| 238|0x00000000d0200000, 0x00000000d0200000, 0x00000000d0300000|  0%| F|  |TAMS 0x00000000d0200000, 0x00000000d0200000| Untracked 
| 239|0x00000000d0300000, 0x00000000d0300000, 0x00000000d0400000|  0%| F|  |TAMS 0x00000000d0300000, 0x00000000d0300000| Untracked 
| 240|0x00000000d0400000, 0x00000000d0400000, 0x00000000d0500000|  0%| F|  |TAMS 0x00000000d0400000, 0x00000000d0400000| Untracked 
| 241|0x00000000d0500000, 0x00000000d0500000, 0x00000000d0600000|  0%| F|  |TAMS 0x00000000d0500000, 0x00000000d0500000| Untracked 
| 242|0x00000000d0600000, 0x00000000d0600000, 0x00000000d0700000|  0%| F|  |TAMS 0x00000000d0600000, 0x00000000d0600000| Untracked 
| 243|0x00000000d0700000, 0x00000000d0700000, 0x00000000d0800000|  0%| F|  |TAMS 0x00000000d0700000, 0x00000000d0700000| Untracked 
| 244|0x00000000d0800000, 0x00000000d0800000, 0x00000000d0900000|  0%| F|  |TAMS 0x00000000d0800000, 0x00000000d0800000| Untracked 
| 245|0x00000000d0900000, 0x00000000d0900000, 0x00000000d0a00000|  0%| F|  |TAMS 0x00000000d0900000, 0x00000000d0900000| Untracked 
| 246|0x00000000d0a00000, 0x00000000d0a00000, 0x00000000d0b00000|  0%| F|  |TAMS 0x00000000d0a00000, 0x00000000d0a00000| Untracked 
| 247|0x00000000d0b00000, 0x00000000d0b00000, 0x00000000d0c00000|  0%| F|  |TAMS 0x00000000d0b00000, 0x00000000d0b00000| Untracked 
| 248|0x00000000d0c00000, 0x00000000d0c00000, 0x00000000d0d00000|  0%| F|  |TAMS 0x00000000d0c00000, 0x00000000d0c00000| Untracked 
| 249|0x00000000d0d00000, 0x00000000d0d00000, 0x00000000d0e00000|  0%| F|  |TAMS 0x00000000d0d00000, 0x00000000d0d00000| Untracked 
| 250|0x00000000d0e00000, 0x00000000d0e00000, 0x00000000d0f00000|  0%| F|  |TAMS 0x00000000d0e00000, 0x00000000d0e00000| Untracked 
| 251|0x00000000d0f00000, 0x00000000d0f00000, 0x00000000d1000000|  0%| F|  |TAMS 0x00000000d0f00000, 0x00000000d0f00000| Untracked 
| 252|0x00000000d1000000, 0x00000000d1000000, 0x00000000d1100000|  0%| F|  |TAMS 0x00000000d1000000, 0x00000000d1000000| Untracked 
| 253|0x00000000d1100000, 0x00000000d1100000, 0x00000000d1200000|  0%| F|  |TAMS 0x00000000d1100000, 0x00000000d1100000| Untracked 
| 254|0x00000000d1200000, 0x00000000d1200000, 0x00000000d1300000|  0%| F|  |TAMS 0x00000000d1200000, 0x00000000d1200000| Untracked 
| 255|0x00000000d1300000, 0x00000000d1300000, 0x00000000d1400000|  0%| F|  |TAMS 0x00000000d1300000, 0x00000000d1300000| Untracked 
| 256|0x00000000d1400000, 0x00000000d1400000, 0x00000000d1500000|  0%| F|  |TAMS 0x00000000d1400000, 0x00000000d1400000| Untracked 
| 257|0x00000000d1500000, 0x00000000d1500000, 0x00000000d1600000|  0%| F|  |TAMS 0x00000000d1500000, 0x00000000d1500000| Untracked 
| 258|0x00000000d1600000, 0x00000000d1600000, 0x00000000d1700000|  0%| F|  |TAMS 0x00000000d1600000, 0x00000000d1600000| Untracked 
| 259|0x00000000d1700000, 0x00000000d1700000, 0x00000000d1800000|  0%| F|  |TAMS 0x00000000d1700000, 0x00000000d1700000| Untracked 
| 260|0x00000000d1800000, 0x00000000d1800000, 0x00000000d1900000|  0%| F|  |TAMS 0x00000000d1800000, 0x00000000d1800000| Untracked 
| 261|0x00000000d1900000, 0x00000000d1900000, 0x00000000d1a00000|  0%| F|  |TAMS 0x00000000d1900000, 0x00000000d1900000| Untracked 
| 262|0x00000000d1a00000, 0x00000000d1a00000, 0x00000000d1b00000|  0%| F|  |TAMS 0x00000000d1a00000, 0x00000000d1a00000| Untracked 
| 263|0x00000000d1b00000, 0x00000000d1b00000, 0x00000000d1c00000|  0%| F|  |TAMS 0x00000000d1b00000, 0x00000000d1b00000| Untracked 
| 264|0x00000000d1c00000, 0x00000000d1c00000, 0x00000000d1d00000|  0%| F|  |TAMS 0x00000000d1c00000, 0x00000000d1c00000| Untracked 
| 265|0x00000000d1d00000, 0x00000000d1d00000, 0x00000000d1e00000|  0%| F|  |TAMS 0x00000000d1d00000, 0x00000000d1d00000| Untracked 
| 266|0x00000000d1e00000, 0x00000000d1e00000, 0x00000000d1f00000|  0%| F|  |TAMS 0x00000000d1e00000, 0x00000000d1e00000| Untracked 
| 267|0x00000000d1f00000, 0x00000000d1f00000, 0x00000000d2000000|  0%| F|  |TAMS 0x00000000d1f00000, 0x00000000d1f00000| Untracked 
| 268|0x00000000d2000000, 0x00000000d2000000, 0x00000000d2100000|  0%| F|  |TAMS 0x00000000d2000000, 0x00000000d2000000| Untracked 
| 269|0x00000000d2100000, 0x00000000d2100000, 0x00000000d2200000|  0%| F|  |TAMS 0x00000000d2100000, 0x00000000d2100000| Untracked 
| 270|0x00000000d2200000, 0x00000000d2200000, 0x00000000d2300000|  0%| F|  |TAMS 0x00000000d2200000, 0x00000000d2200000| Untracked 
| 271|0x00000000d2300000, 0x00000000d2300000, 0x00000000d2400000|  0%| F|  |TAMS 0x00000000d2300000, 0x00000000d2300000| Untracked 
| 272|0x00000000d2400000, 0x00000000d2400000, 0x00000000d2500000|  0%| F|  |TAMS 0x00000000d2400000, 0x00000000d2400000| Untracked 
| 273|0x00000000d2500000, 0x00000000d2500000, 0x00000000d2600000|  0%| F|  |TAMS 0x00000000d2500000, 0x00000000d2500000| Untracked 
| 274|0x00000000d2600000, 0x00000000d2600000, 0x00000000d2700000|  0%| F|  |TAMS 0x00000000d2600000, 0x00000000d2600000| Untracked 
| 275|0x00000000d2700000, 0x00000000d2700000, 0x00000000d2800000|  0%| F|  |TAMS 0x00000000d2700000, 0x00000000d2700000| Untracked 
| 276|0x00000000d2800000, 0x00000000d2800000, 0x00000000d2900000|  0%| F|  |TAMS 0x00000000d2800000, 0x00000000d2800000| Untracked 
| 277|0x00000000d2900000, 0x00000000d2900000, 0x00000000d2a00000|  0%| F|  |TAMS 0x00000000d2900000, 0x00000000d2900000| Untracked 
| 278|0x00000000d2a00000, 0x00000000d2a00000, 0x00000000d2b00000|  0%| F|  |TAMS 0x00000000d2a00000, 0x00000000d2a00000| Untracked 
| 279|0x00000000d2b00000, 0x00000000d2b00000, 0x00000000d2c00000|  0%| F|  |TAMS 0x00000000d2b00000, 0x00000000d2b00000| Untracked 
| 280|0x00000000d2c00000, 0x00000000d2c00000, 0x00000000d2d00000|  0%| F|  |TAMS 0x00000000d2c00000, 0x00000000d2c00000| Untracked 
| 281|0x00000000d2d00000, 0x00000000d2d00000, 0x00000000d2e00000|  0%| F|  |TAMS 0x00000000d2d00000, 0x00000000d2d00000| Untracked 
| 282|0x00000000d2e00000, 0x00000000d2e00000, 0x00000000d2f00000|  0%| F|  |TAMS 0x00000000d2e00000, 0x00000000d2e00000| Untracked 
| 283|0x00000000d2f00000, 0x00000000d2f00000, 0x00000000d3000000|  0%| F|  |TAMS 0x00000000d2f00000, 0x00000000d2f00000| Untracked 
| 284|0x00000000d3000000, 0x00000000d3000000, 0x00000000d3100000|  0%| F|  |TAMS 0x00000000d3000000, 0x00000000d3000000| Untracked 
| 285|0x00000000d3100000, 0x00000000d3100000, 0x00000000d3200000|  0%| F|  |TAMS 0x00000000d3100000, 0x00000000d3100000| Untracked 
| 286|0x00000000d3200000, 0x00000000d3200000, 0x00000000d3300000|  0%| F|  |TAMS 0x00000000d3200000, 0x00000000d3200000| Untracked 
| 287|0x00000000d3300000, 0x00000000d3300000, 0x00000000d3400000|  0%| F|  |TAMS 0x00000000d3300000, 0x00000000d3300000| Untracked 
| 288|0x00000000d3400000, 0x00000000d3400000, 0x00000000d3500000|  0%| F|  |TAMS 0x00000000d3400000, 0x00000000d3400000| Untracked 
| 289|0x00000000d3500000, 0x00000000d3500000, 0x00000000d3600000|  0%| F|  |TAMS 0x00000000d3500000, 0x00000000d3500000| Untracked 
| 290|0x00000000d3600000, 0x00000000d3600000, 0x00000000d3700000|  0%| F|  |TAMS 0x00000000d3600000, 0x00000000d3600000| Untracked 
| 291|0x00000000d3700000, 0x00000000d3700000, 0x00000000d3800000|  0%| F|  |TAMS 0x00000000d3700000, 0x00000000d3700000| Untracked 
| 292|0x00000000d3800000, 0x00000000d3800000, 0x00000000d3900000|  0%| F|  |TAMS 0x00000000d3800000, 0x00000000d3800000| Untracked 
| 293|0x00000000d3900000, 0x00000000d3900000, 0x00000000d3a00000|  0%| F|  |TAMS 0x00000000d3900000, 0x00000000d3900000| Untracked 
| 294|0x00000000d3a00000, 0x00000000d3a00000, 0x00000000d3b00000|  0%| F|  |TAMS 0x00000000d3a00000, 0x00000000d3a00000| Untracked 
| 295|0x00000000d3b00000, 0x00000000d3b00000, 0x00000000d3c00000|  0%| F|  |TAMS 0x00000000d3b00000, 0x00000000d3b00000| Untracked 
| 296|0x00000000d3c00000, 0x00000000d3c00000, 0x00000000d3d00000|  0%| F|  |TAMS 0x00000000d3c00000, 0x00000000d3c00000| Untracked 
| 297|0x00000000d3d00000, 0x00000000d3d00000, 0x00000000d3e00000|  0%| F|  |TAMS 0x00000000d3d00000, 0x00000000d3d00000| Untracked 
| 298|0x00000000d3e00000, 0x00000000d3e00000, 0x00000000d3f00000|  0%| F|  |TAMS 0x00000000d3e00000, 0x00000000d3e00000| Untracked 

Card table byte_map: [0x000001595ee80000,0x000001595f080000] _byte_map_base: 0x000001595e876000

Marking Bits (Prev, Next): (CMBitMap*) 0x000001594615ad60, (CMBitMap*) 0x000001594615ada0
 Prev Bits: [0x000001595f280000, 0x0000015960230000)
 Next Bits: [0x0000015960230000, 0x00000159611e0000)

Polling page: 0x0000015946020000

Metaspace:

Usage:
  Non-class:     41.93 MB used.
      Class:      6.60 MB used.
       Both:     48.52 MB used.

Virtual space:
  Non-class space:       64.00 MB reserved,      42.56 MB ( 67%) committed,  1 nodes.
      Class space:        1.00 GB reserved,       7.12 MB ( <1%) committed,  1 nodes.
             Both:        1.06 GB reserved,      49.69 MB (  5%) committed. 

Chunk freelists:
   Non-Class:  5.44 MB
       Class:  8.89 MB
        Both:  14.33 MB

MaxMetaspaceSize: unlimited
CompressedClassSpaceSize: 1.00 GB
Initial GC threshold: 21.00 MB
Current GC threshold: 72.12 MB
CDS: on
MetaspaceReclaimPolicy: balanced
 - commit_granule_bytes: 65536.
 - commit_granule_words: 8192.
 - virtual_space_node_default_size: 8388608.
 - enlarge_chunks_in_place: 1.
 - new_chunks_are_fully_committed: 0.
 - uncommit_free_chunks: 1.
 - use_allocation_guard: 0.
 - handle_deallocations: 1.


Internal statistics:

num_allocs_failed_limit: 6.
num_arena_births: 1742.
num_arena_deaths: 0.
num_vsnodes_births: 2.
num_vsnodes_deaths: 0.
num_space_committed: 793.
num_space_uncommitted: 0.
num_chunks_returned_to_freelist: 6.
num_chunks_taken_from_freelist: 3720.
num_chunk_merges: 6.
num_chunk_splits: 2430.
num_chunks_enlarged: 1507.
num_inconsistent_stats: 0.

CodeHeap 'non-profiled nmethods': size=120000Kb used=4887Kb max_used=5338Kb free=115112Kb
 bounds [0x0000015957750000, 0x0000015957c90000, 0x000001595ec80000]
CodeHeap 'profiled nmethods': size=120000Kb used=11714Kb max_used=14260Kb free=108285Kb
 bounds [0x000001594fc80000, 0x0000015950a70000, 0x00000159571b0000]
CodeHeap 'non-nmethods': size=5760Kb used=1390Kb max_used=1452Kb free=4369Kb
 bounds [0x00000159571b0000, 0x0000015957420000, 0x0000015957750000]
 total_blobs=8002 nmethods=7258 adapters=656
 compilation: enabled
              stopped_count=0, restarted_count=0
 full_count=0

Compilation events (20 events):
Event: 58.159 Thread 0x0000015963671860 10013       4       java.lang.invoke.LambdaForm$MH/0x0000015901478c00::delegate (17 bytes)
Event: 58.161 Thread 0x0000015963671860 nmethod 10013 0x0000015957793790 code [0x0000015957793920, 0x00000159577939f8]
Event: 58.161 Thread 0x0000015963671860 10017       4       org.openjdk.nashorn.internal.runtime.ScriptFunction::isFunctionMH (24 bytes)
Event: 58.162 Thread 0x0000015963671860 nmethod 10017 0x0000015957b39f90 code [0x0000015957b3a100, 0x0000015957b3a1b8]
Event: 58.162 Thread 0x0000015963671860 10018       4       java.util.Collections$UnmodifiableList::equals (24 bytes)
Event: 58.167 Thread 0x0000015963674d30 

Event: 58.167 Thread 0x0000015963674d30 10016       3       org.openjdk.nashorn.internal.runtime.linker.NashornCallSiteDescriptor::changeMethodTypeInternal (17 bytes)
Event: 58.168 Thread 0x0000015963674d30 nmethod 10016 0x000001594fcdaf90 code [0x000001594fcdb140, 0x000001594fcdb2c8]
Event: 58.171 Thread 0x0000015963674d30 10021       3       org.openjdk.nashorn.internal.scripts.Script$Recompilation$13$882AAA$\^eval\_::search (147 bytes)
Event: 58.186 Thread 0x0000015963674d30 

Event: 58.186 Thread 0x0000015963674d30 10022       3       java.lang.invoke.BoundMethodHandle$Species_LL::copyWithExtendL (25 bytes)
Event: 58.187 Thread 0x0000015963674d30 nmethod 10022 0x000001594fcf0410 code [0x000001594fcf05e0, 0x000001594fcf0a48]
Event: 58.189 Thread 0x0000015963674d30 10025       3       java.util.AbstractSequentialList::iterator (5 bytes)
Event: 58.190 Thread 0x0000015963674d30 nmethod 10025 0x000001594fd1a490 code [0x000001594fd1a680, 0x000001594fd1ac08]
Event: 58.190 Thread 0x0000015963674d30 10026       3       org.openjdk.nashorn.internal.scripts.Script$Recompilation$13$882AAA$\^eval\_::search (147 bytes)
Event: 58.200 Thread 0x0000015963671860 nmethod 10018 0x0000015957c4a610 code [0x0000015957c4a7e0, 0x0000015957c4b098]
Event: 58.200 Thread 0x0000015963671860 10024       4       org.openjdk.nashorn.internal.scripts.Script$Recompilation$14$735AA$\^eval\_::contains (46 bytes)
Event: 58.205 Thread 0x0000015963674d30 

Event: 58.225 Thread 0x0000015963671860 nmethod 10024 0x0000015957b7f190 code [0x0000015957b7f3a0, 0x0000015957b7fb98]
Event: 58.226 Thread 0x0000015963671860 10019       4       jdk.dynalink.linker.GuardedInvocation::compose (128 bytes)

GC Heap History (20 events):
Event: 32.536 GC heap after
{Heap after GC invocations=41 (full 0):
 garbage-first heap   total 232448K, used 88657K [0x00000000c1400000, 0x0000000100000000)
  region size 1024K, 10 young (10240K), 10 survivors (10240K)
 Metaspace       used 36249K, committed 37376K, reserved 1114112K
  class space    used 4330K, committed 4864K, reserved 1048576K
}
Event: 32.569 GC heap before
{Heap before GC invocations=41 (full 0):
 garbage-first heap   total 232448K, used 89681K [0x00000000c1400000, 0x0000000100000000)
  region size 1024K, 11 young (11264K), 10 survivors (10240K)
 Metaspace       used 36267K, committed 37376K, reserved 1114112K
  class space    used 4330K, committed 4864K, reserved 1048576K
}
Event: 32.653 GC heap after
{Heap after GC invocations=42 (full 0):
 garbage-first heap   total 232448K, used 88227K [0x00000000c1400000, 0x0000000100000000)
  region size 1024K, 1 young (1024K), 1 survivors (1024K)
 Metaspace       used 36267K, committed 37376K, reserved 1114112K
  class space    used 4330K, committed 4864K, reserved 1048576K
}
Event: 41.784 GC heap before
{Heap before GC invocations=42 (full 0):
 garbage-first heap   total 232448K, used 194723K [0x00000000c1400000, 0x0000000100000000)
  region size 1024K, 105 young (107520K), 1 survivors (1024K)
 Metaspace       used 37514K, committed 38656K, reserved 1114112K
  class space    used 4594K, committed 5120K, reserved 1048576K
}
Event: 41.821 GC heap after
{Heap after GC invocations=43 (full 0):
 garbage-first heap   total 232448K, used 89362K [0x00000000c1400000, 0x0000000100000000)
  region size 1024K, 3 young (3072K), 3 survivors (3072K)
 Metaspace       used 37514K, committed 38656K, reserved 1114112K
  class space    used 4594K, committed 5120K, reserved 1048576K
}
Event: 47.139 GC heap before
{Heap before GC invocations=44 (full 0):
 garbage-first heap   total 232448K, used 194834K [0x00000000c1400000, 0x0000000100000000)
  region size 1024K, 106 young (108544K), 3 survivors (3072K)
 Metaspace       used 41101K, committed 42240K, reserved 1114112K
  class space    used 5269K, committed 5824K, reserved 1048576K
}
Event: 47.206 GC heap after
{Heap after GC invocations=45 (full 0):
 garbage-first heap   total 232448K, used 97345K [0x00000000c1400000, 0x0000000100000000)
  region size 1024K, 10 young (10240K), 10 survivors (10240K)
 Metaspace       used 41101K, committed 42240K, reserved 1114112K
  class space    used 5269K, committed 5824K, reserved 1048576K
}
Event: 47.218 GC heap before
{Heap before GC invocations=45 (full 0):
 garbage-first heap   total 232448K, used 98369K [0x00000000c1400000, 0x0000000100000000)
  region size 1024K, 11 young (11264K), 10 survivors (10240K)
 Metaspace       used 41101K, committed 42240K, reserved 1114112K
  class space    used 5269K, committed 5824K, reserved 1048576K
}
Event: 47.283 GC heap after
{Heap after GC invocations=46 (full 0):
 garbage-first heap   total 232448K, used 96720K [0x00000000c1400000, 0x0000000100000000)
  region size 1024K, 1 young (1024K), 1 survivors (1024K)
 Metaspace       used 41101K, committed 42240K, reserved 1114112K
  class space    used 5269K, committed 5824K, reserved 1048576K
}
Event: 48.996 GC heap before
{Heap before GC invocations=46 (full 0):
 garbage-first heap   total 232448K, used 191952K [0x00000000c1400000, 0x0000000100000000)
  region size 1024K, 94 young (96256K), 1 survivors (1024K)
 Metaspace       used 42209K, committed 43456K, reserved 1114112K
  class space    used 5447K, committed 6016K, reserved 1048576K
}
Event: 49.046 GC heap after
{Heap after GC invocations=47 (full 0):
 garbage-first heap   total 232448K, used 106260K [0x00000000c1400000, 0x0000000100000000)
  region size 1024K, 10 young (10240K), 10 survivors (10240K)
 Metaspace       used 42209K, committed 43456K, reserved 1114112K
  class space    used 5447K, committed 6016K, reserved 1048576K
}
Event: 50.638 GC heap before
{Heap before GC invocations=47 (full 0):
 garbage-first heap   total 232448K, used 190228K [0x00000000c1400000, 0x0000000100000000)
  region size 1024K, 92 young (94208K), 10 survivors (10240K)
 Metaspace       used 42457K, committed 43648K, reserved 1114112K
  class space    used 5497K, committed 6016K, reserved 1048576K
}
Event: 50.709 GC heap after
{Heap after GC invocations=48 (full 0):
 garbage-first heap   total 232448K, used 116958K [0x00000000c1400000, 0x0000000100000000)
  region size 1024K, 11 young (11264K), 11 survivors (11264K)
 Metaspace       used 42457K, committed 43648K, reserved 1114112K
  class space    used 5497K, committed 6016K, reserved 1048576K
}
Event: 51.262 GC heap before
{Heap before GC invocations=48 (full 0):
 garbage-first heap   total 232448K, used 189662K [0x00000000c1400000, 0x0000000100000000)
  region size 1024K, 82 young (83968K), 11 survivors (11264K)
 Metaspace       used 42779K, committed 43968K, reserved 1114112K
  class space    used 5535K, committed 6080K, reserved 1048576K
}
Event: 51.405 GC heap after
{Heap after GC invocations=49 (full 0):
 garbage-first heap   total 232448K, used 124357K [0x00000000c1400000, 0x0000000100000000)
  region size 1024K, 8 young (8192K), 8 survivors (8192K)
 Metaspace       used 42779K, committed 43968K, reserved 1114112K
  class space    used 5535K, committed 6080K, reserved 1048576K
}
Event: 53.143 GC heap before
{Heap before GC invocations=50 (full 0):
 garbage-first heap   total 306176K, used 185797K [0x00000000c1400000, 0x0000000100000000)
  region size 1024K, 68 young (69632K), 8 survivors (8192K)
 Metaspace       used 43120K, committed 44352K, reserved 1114112K
  class space    used 5602K, committed 6144K, reserved 1048576K
}
Event: 53.244 GC heap after
{Heap after GC invocations=51 (full 0):
 garbage-first heap   total 306176K, used 132250K [0x00000000c1400000, 0x0000000100000000)
  region size 1024K, 8 young (8192K), 8 survivors (8192K)
 Metaspace       used 43120K, committed 44352K, reserved 1114112K
  class space    used 5602K, committed 6144K, reserved 1048576K
}
Event: 53.539 GC heap before
{Heap before GC invocations=51 (full 0):
 garbage-first heap   total 306176K, used 138394K [0x00000000c1400000, 0x0000000100000000)
  region size 1024K, 14 young (14336K), 8 survivors (8192K)
 Metaspace       used 43497K, committed 44672K, reserved 1114112K
  class space    used 5683K, committed 6208K, reserved 1048576K
}
Event: 53.573 GC heap after
{Heap after GC invocations=52 (full 0):
 garbage-first heap   total 306176K, used 131423K [0x00000000c1400000, 0x0000000100000000)
  region size 1024K, 2 young (2048K), 2 survivors (2048K)
 Metaspace       used 43497K, committed 44672K, reserved 1114112K
  class space    used 5683K, committed 6208K, reserved 1048576K
}
Event: 58.230 GC heap before
{Heap before GC invocations=52 (full 0):
 garbage-first heap   total 306176K, used 248159K [0x00000000c1400000, 0x0000000100000000)
  region size 1024K, 114 young (116736K), 2 survivors (2048K)
 Metaspace       used 49687K, committed 50880K, reserved 1114112K
  class space    used 6755K, committed 7296K, reserved 1048576K
}

Dll operation events (12 events):
Event: 0.042 Loaded shared library C:\Program Files\Eclipse Adoptium\jdk-17.0.8.7-hotspot\bin\java.dll
Event: 0.107 Loaded shared library C:\Program Files\Eclipse Adoptium\jdk-17.0.8.7-hotspot\bin\jsvml.dll
Event: 0.355 Loaded shared library C:\Program Files\Eclipse Adoptium\jdk-17.0.8.7-hotspot\bin\net.dll
Event: 0.364 Loaded shared library C:\Program Files\Eclipse Adoptium\jdk-17.0.8.7-hotspot\bin\nio.dll
Event: 0.370 Loaded shared library C:\Program Files\Eclipse Adoptium\jdk-17.0.8.7-hotspot\bin\zip.dll
Event: 0.478 Loaded shared library C:\Program Files\Eclipse Adoptium\jdk-17.0.8.7-hotspot\bin\zip.dll
Event: 0.486 Loaded shared library C:\Program Files\Eclipse Adoptium\jdk-17.0.8.7-hotspot\bin\instrument.dll
Event: 0.912 Loaded shared library C:\Program Files\Eclipse Adoptium\jdk-17.0.8.7-hotspot\bin\jimage.dll
Event: 1.054 Loaded shared library C:\Program Files\JetBrains\IntelliJ IDEA Community Edition 2023.2.1\bin\breakgen64.dll
Event: 1.524 Loaded shared library C:\Program Files\Eclipse Adoptium\jdk-17.0.8.7-hotspot\bin\verify.dll
Event: 11.179 Loaded shared library C:\Program Files\Eclipse Adoptium\jdk-17.0.8.7-hotspot\bin\management.dll
Event: 11.190 Loaded shared library C:\Program Files\Eclipse Adoptium\jdk-17.0.8.7-hotspot\bin\management_ext.dll

Deoptimization events (20 events):
Event: 57.107 Thread 0x00000159481b5590 Uncommon trap: trap_request=0xffffffde fr.pc=0x0000015957c4b0a4 relative=0x0000000000000164
Event: 57.107 Thread 0x00000159481b5590 Uncommon trap: reason=class_check action=maybe_recompile pc=0x0000015957c4b0a4 method=java.util.stream.Collectors.lambda$uniqKeysMapAccumulator$1(Ljava/util/function/Function;Ljava/util/function/Function;Ljava/util/Map;Ljava/lang/Object;)V @ 2 c2
Event: 57.107 Thread 0x00000159481b5590 DEOPT PACKING pc=0x0000015957c4b0a4 sp=0x0000001eda0fb480
Event: 57.107 Thread 0x00000159481b5590 DEOPT UNPACKING pc=0x00000159572069a3 sp=0x0000001eda0fb410 mode 2
Event: 57.158 Thread 0x00000159481b5590 Uncommon trap: trap_request=0xffffffc6 fr.pc=0x0000015957c5ea7c relative=0x000000000000047c
Event: 57.158 Thread 0x00000159481b5590 Uncommon trap: reason=bimorphic_or_optimized_type_check action=maybe_recompile pc=0x0000015957c5ea7c method=com.mojang.datafixers.types.templates.Product$1.apply(I)Lcom/mojang/datafixers/types/Type; @ 33 c2
Event: 57.158 Thread 0x00000159481b5590 DEOPT PACKING pc=0x0000015957c5ea7c sp=0x0000001eda0fc1d0
Event: 57.158 Thread 0x00000159481b5590 DEOPT UNPACKING pc=0x00000159572069a3 sp=0x0000001eda0fc160 mode 2
Event: 57.158 Thread 0x00000159481b5590 Uncommon trap: trap_request=0xffffffc6 fr.pc=0x0000015957c5ea7c relative=0x000000000000047c
Event: 57.158 Thread 0x00000159481b5590 Uncommon trap: reason=bimorphic_or_optimized_type_check action=maybe_recompile pc=0x0000015957c5ea7c method=com.mojang.datafixers.types.templates.Product$1.apply(I)Lcom/mojang/datafixers/types/Type; @ 33 c2
Event: 57.158 Thread 0x00000159481b5590 DEOPT PACKING pc=0x0000015957c5ea7c sp=0x0000001eda0fc4e0
Event: 57.158 Thread 0x00000159481b5590 DEOPT UNPACKING pc=0x00000159572069a3 sp=0x0000001eda0fc470 mode 2
Event: 57.161 Thread 0x00000159481b5590 Uncommon trap: trap_request=0xffffffc6 fr.pc=0x0000015957c5ea7c relative=0x000000000000047c
Event: 57.161 Thread 0x00000159481b5590 Uncommon trap: reason=bimorphic_or_optimized_type_check action=maybe_recompile pc=0x0000015957c5ea7c method=com.mojang.datafixers.types.templates.Product$1.apply(I)Lcom/mojang/datafixers/types/Type; @ 33 c2
Event: 57.161 Thread 0x00000159481b5590 DEOPT PACKING pc=0x0000015957c5ea7c sp=0x0000001eda0fc030
Event: 57.161 Thread 0x00000159481b5590 DEOPT UNPACKING pc=0x00000159572069a3 sp=0x0000001eda0fbfc0 mode 2
Event: 57.162 Thread 0x00000159481b5590 Uncommon trap: trap_request=0xffffffc6 fr.pc=0x0000015957c5ea7c relative=0x000000000000047c
Event: 57.162 Thread 0x00000159481b5590 Uncommon trap: reason=bimorphic_or_optimized_type_check action=maybe_recompile pc=0x0000015957c5ea7c method=com.mojang.datafixers.types.templates.Product$1.apply(I)Lcom/mojang/datafixers/types/Type; @ 33 c2
Event: 57.162 Thread 0x00000159481b5590 DEOPT PACKING pc=0x0000015957c5ea7c sp=0x0000001eda0fc340
Event: 57.162 Thread 0x00000159481b5590 DEOPT UNPACKING pc=0x00000159572069a3 sp=0x0000001eda0fc2d0 mode 2

Classes unloaded (0 events):
No events

Classes redefined (0 events):
No events

Internal exceptions (20 events):
Event: 32.375 Thread 0x0000015969495050 Exception <a 'sun/nio/fs/WindowsException'{0x00000000c888d7f0}> (0x00000000c888d7f0) 
thrown [s\src\hotspot\share\prims\jni.cpp, line 516]
Event: 32.390 Thread 0x0000015969495050 Exception <a 'sun/nio/fs/WindowsException'{0x00000000c88a2900}> (0x00000000c88a2900) 
thrown [s\src\hotspot\share\prims\jni.cpp, line 516]
Event: 43.229 Thread 0x00000159481b5590 Exception <a 'java/lang/NoSuchMethodError'{0x00000000cded50e8}: 'void java.lang.invoke.DirectMethodHandle$Holder.invokeStatic(java.lang.Object, java.lang.Object, java.lang.Object, java.lang.Object, java.lang.Object, java.lang.Object, java.lang.Object)'> (0x00000000cded50e8) 
thrown [s\src\hotspot\share\interpreter\linkResolver.cpp, line 759]
Event: 43.255 Thread 0x00000159481b5590 Exception <a 'java/lang/NoSuchMethodError'{0x00000000cdef7718}: 'int java.lang.invoke.DirectMethodHandle$Holder.invokeSpecialIFC(java.lang.Object, java.lang.Object, java.lang.Object)'> (0x00000000cdef7718) 
thrown [s\src\hotspot\share\interpreter\linkResolver.cpp, line 759]
Event: 43.545 Thread 0x00000159481b5590 Exception <a 'java/lang/NoSuchMethodError'{0x00000000cd7dc998}: 'java.lang.Object java.lang.invoke.DirectMethodHandle$Holder.newInvokeSpecial(java.lang.Object, int, java.lang.Object, java.lang.Object)'> (0x00000000cd7dc998) 
thrown [s\src\hotspot\share\interpreter\linkResolver.cpp, line 759]
Event: 43.545 Thread 0x00000159481b5590 Exception <a 'java/lang/NoSuchMethodError'{0x00000000cd7e0570}: 'java.lang.Object java.lang.invoke.Invokers$Holder.linkToTargetMethod(int, java.lang.Object, java.lang.Object, java.lang.Object)'> (0x00000000cd7e0570) 
thrown [s\src\hotspot\share\interpreter\linkResolver.cpp, line 759]
Event: 43.595 Thread 0x00000159481b5590 Exception <a 'java/lang/NoSuchMethodError'{0x00000000cd59ef98}: 'java.lang.Object java.lang.invoke.DirectMethodHandle$Holder.invokeStatic(java.lang.Object, int, int, java.lang.Object)'> (0x00000000cd59ef98) 
thrown [s\src\hotspot\share\interpreter\linkResolver.cpp, line 759]
Event: 43.596 Thread 0x00000159481b5590 Exception <a 'java/lang/NoSuchMethodError'{0x00000000cd5a28e0}: 'java.lang.Object java.lang.invoke.DirectMethodHandle$Holder.invokeStaticInit(java.lang.Object, int, int, java.lang.Object)'> (0x00000000cd5a28e0) 
thrown [s\src\hotspot\share\interpreter\linkResolver.cpp, line 759]
Event: 44.540 Thread 0x00000159481b5590 Exception <a 'java/lang/NoSuchMethodError'{0x00000000cae593e0}: 'java.lang.Object java.lang.invoke.DirectMethodHandle$Holder.newInvokeSpecial(java.lang.Object, java.lang.Object, java.lang.Object, java.lang.Object, java.lang.Object, java.lang.Object, java.lang.Object, java.lang.Object)'> (0x00000000cae593e0) 
thrown [s\src\hotspot\share\interpreter\linkResolver.cpp, line 759]
Event: 44.541 Thread 0x00000159481b5590 Exception <a 'java/lang/NoSuchMethodError'{0x00000000cae5de40}: 'java.lang.Object java.lang.invoke.Invokers$Holder.linkToTargetMethod(java.lang.Object, java.lang.Object, java.lang.Object, java.lang.Object, java.lang.Object, java.lang.Object, java.lang.Object, java.lang.Object)'> (0x00000000cae5de40) 
thrown [s\src\hotspot\share\interpreter\linkResolver.cpp, line 759]
Event: 45.679 Thread 0x00000159481b5590 Exception <a 'java/lang/NoSuchMethodError'{0x00000000ca18f848}: 'java.lang.Object java.lang.invoke.DirectMethodHandle$Holder.newInvokeSpecial(java.lang.Object, float)'> (0x00000000ca18f848) 
thrown [s\src\hotspot\share\interpreter\linkResolver.cpp, line 759]
Event: 47.038 Thread 0x00000159481b5590 Exception <a 'java/lang/NoSuchMethodError'{0x00000000c957de18}: 'java.lang.Object java.lang.invoke.DirectMethodHandle$Holder.invokeStaticInit(java.lang.Object, java.lang.Object, java.lang.Object, java.lang.Object, java.lang.Object, java.lang.Object, int)'> (0x00000000c957de18) 
thrown [s\src\hotspot\share\interpreter\linkResolver.cpp, line 759]
Event: 47.536 Thread 0x00000159481b5590 Exception <a 'java/lang/NoSuchMethodError'{0x00000000ce11ac78}: 'int java.lang.invoke.DirectMethodHandle$Holder.invokeStaticInit(java.lang.Object, int, java.lang.Object)'> (0x00000000ce11ac78) 
thrown [s\src\hotspot\share\interpreter\linkResolver.cpp, line 759]
Event: 47.579 Thread 0x00000159481b5590 Exception <a 'java/lang/NoSuchMethodError'{0x00000000ce00bce0}: 'java.lang.Object java.lang.invoke.Invokers$Holder.invoker(java.lang.Object, java.lang.Object, java.lang.Object, java.lang.Object, java.lang.Object, java.lang.Object, java.lang.Object, java.lang.Object, java.lang.Object, java.lang.Object, java.lang.Object, java.lang.Object, java.lang.Object, java.lang.Object, java.lang.Object, java.lang.Object, java.lang.Object, java.lang.Object)'> (0x00000000ce00bce0) 
thrown [s\src\hotspot\share\interpreter\
Event: 47.582 Thread 0x00000159481b5590 Exception <a 'java/lang/NoSuchMethodError'{0x00000000ce0170c0}: 'java.lang.Object java.lang.invoke.DelegatingMethodHandle$Holder.delegate(java.lang.Object, java.lang.Object, java.lang.Object, java.lang.Object, java.lang.Object, java.lang.Object, java.lang.Object, java.lang.Object, java.lang.Object, java.lang.Object, java.lang.Object, java.lang.Object, java.lang.Object, java.lang.Object, java.lang.Object, java.lang.Object, java.lang.Object, java.lang.Object)'> (0x00000000ce0170c0) 
thrown [s\src\hotspot\sha
Event: 47.606 Thread 0x00000159481b5590 Exception <a 'java/lang/NoSuchMethodError'{0x00000000ce047e50}: 'java.lang.Object java.lang.invoke.Invokers$Holder.invoker(java.lang.Object, java.lang.Object, java.lang.Object, java.lang.Object, java.lang.Object, java.lang.Object, java.lang.Object, java.lang.Object, java.lang.Object, java.lang.Object, java.lang.Object, java.lang.Object, java.lang.Object)'> (0x00000000ce047e50) 
thrown [s\src\hotspot\share\interpreter\linkResolver.cpp, line 759]
Event: 47.608 Thread 0x00000159481b5590 Exception <a 'java/lang/NoSuchMethodError'{0x00000000ce04d9f8}: 'java.lang.Object java.lang.invoke.DirectMethodHandle$Holder.invokeSpecial(java.lang.Object, java.lang.Object, java.lang.Object, java.lang.Object, java.lang.Object, java.lang.Object, java.lang.Object, java.lang.Object, java.lang.Object, java.lang.Object, java.lang.Object, java.lang.Object, java.lang.Object, java.lang.Object)'> (0x00000000ce04d9f8) 
thrown [s\src\hotspot\share\interpreter\linkResolver.cpp, line 759]
Event: 48.050 Thread 0x00000159481b5590 Exception <a 'java/lang/NoSuchMethodError'{0x00000000cbb3e4a8}: 'java.lang.Object java.lang.invoke.DirectMethodHandle$Holder.newInvokeSpecial(java.lang.Object, int, int, int, int, int, int)'> (0x00000000cbb3e4a8) 
thrown [s\src\hotspot\share\interpreter\linkResolver.cpp, line 759]
Event: 48.199 Thread 0x00000159481b5590 Implicit null exception at 0x0000015957ad4ac0 to 0x0000015957ad4d28
Event: 56.881 Thread 0x00000159481b5590 Exception <a 'java/lang/NoSuchMethodError'{0x00000000cefc74e0}: 'java.lang.Object java.lang.invoke.DirectMethodHandle$Holder.newInvokeSpecial(java.lang.Object, int, int, int)'> (0x00000000cefc74e0) 
thrown [s\src\hotspot\share\interpreter\linkResolver.cpp, line 759]

VM Operations (20 events):
Event: 53.246 Executing VM operation: G1CollectForAllocation done
Event: 53.539 Executing VM operation: G1CollectForAllocation
Event: 53.573 Executing VM operation: G1CollectForAllocation done
Event: 54.583 Executing VM operation: Cleanup
Event: 54.583 Executing VM operation: Cleanup done
Event: 55.593 Executing VM operation: Cleanup
Event: 55.593 Executing VM operation: Cleanup done
Event: 56.594 Executing VM operation: Cleanup
Event: 56.595 Executing VM operation: Cleanup done
Event: 57.478 Executing VM operation: ICBufferFull
Event: 57.478 Executing VM operation: ICBufferFull done
Event: 57.786 Executing VM operation: HandshakeAllThreads
Event: 57.797 Executing VM operation: HandshakeAllThreads done
Event: 57.891 Executing VM operation: HandshakeAllThreads
Event: 57.912 Executing VM operation: HandshakeAllThreads done
Event: 58.070 Executing VM operation: HandshakeAllThreads
Event: 58.070 Executing VM operation: HandshakeAllThreads done
Event: 58.131 Executing VM operation: HandshakeAllThreads
Event: 58.131 Executing VM operation: HandshakeAllThreads done
Event: 58.229 Executing VM operation: G1CollectForAllocation

Events (20 events):
Event: 58.148 Thread 0x0000015963686620 flushing nmethod 0x0000015950982710
Event: 58.148 Thread 0x0000015963686620 flushing nmethod 0x0000015950982f90
Event: 58.148 Thread 0x0000015963686620 flushing nmethod 0x0000015950984490
Event: 58.148 Thread 0x0000015963686620 flushing nmethod 0x0000015950984b10
Event: 58.148 Thread 0x0000015963686620 flushing nmethod 0x0000015950985c10
Event: 58.148 Thread 0x0000015963686620 flushing nmethod 0x0000015950986b90
Event: 58.148 Thread 0x0000015963686620 flushing nmethod 0x0000015950989b10
Event: 58.148 Thread 0x0000015963686620 flushing nmethod 0x000001595098a410
Event: 58.148 Thread 0x0000015963686620 flushing nmethod 0x000001595098fb10
Event: 58.148 Thread 0x0000015963686620 flushing nmethod 0x0000015950991e10
Event: 58.148 Thread 0x0000015963686620 flushing nmethod 0x0000015950992a10
Event: 58.148 Thread 0x0000015963686620 flushing nmethod 0x0000015950992e10
Event: 58.148 Thread 0x0000015963686620 flushing nmethod 0x0000015950996210
Event: 58.148 Thread 0x0000015963686620 flushing nmethod 0x00000159509a5c10
Event: 58.148 Thread 0x0000015963686620 flushing nmethod 0x00000159509a6190
Event: 58.149 Thread 0x0000015963686620 flushing nmethod 0x00000159509c0390
Event: 58.149 Thread 0x0000015963686620 flushing nmethod 0x00000159509c1410
Event: 58.149 Thread 0x0000015963686620 flushing nmethod 0x00000159509eda10
Event: 58.149 Thread 0x0000015963686620 flushing nmethod 0x0000015950a04510
Event: 58.149 Thread 0x0000015963686620 flushing nmethod 0x0000015950a50990


Dynamic libraries:
0x00007ff76ac90000 - 0x00007ff76ac9e000 	C:\Program Files\Eclipse Adoptium\jdk-17.0.8.7-hotspot\bin\java.exe
0x00007ff896c50000 - 0x00007ff896e48000 	C:\WINDOWS\SYSTEM32\ntdll.dll
0x00007ff896780000 - 0x00007ff89683d000 	C:\WINDOWS\System32\KERNEL32.DLL
0x00007ff894770000 - 0x00007ff894a66000 	C:\WINDOWS\System32\KERNELBASE.dll
0x00007ff894300000 - 0x00007ff894400000 	C:\WINDOWS\System32\ucrtbase.dll
0x00007ff885440000 - 0x00007ff885459000 	C:\Program Files\Eclipse Adoptium\jdk-17.0.8.7-hotspot\bin\VCRUNTIME140.dll
0x00007ff88c6a0000 - 0x00007ff88c6b7000 	C:\Program Files\Eclipse Adoptium\jdk-17.0.8.7-hotspot\bin\jli.dll
0x00007ff896a70000 - 0x00007ff896c0e000 	C:\WINDOWS\System32\USER32.dll
0x00007ff894510000 - 0x00007ff894532000 	C:\WINDOWS\System32\win32u.dll
0x00007ff8758b0000 - 0x00007ff875b4a000 	C:\WINDOWS\WinSxS\amd64_microsoft.windows.common-controls_6595b64144ccf1df_6.0.19041.3636_none_60b6a03d71f818d5\COMCTL32.dll
0x00007ff894ec0000 - 0x00007ff894eeb000 	C:\WINDOWS\System32\GDI32.dll
0x00007ff894dc0000 - 0x00007ff894e5e000 	C:\WINDOWS\System32\msvcrt.dll
0x00007ff8945c0000 - 0x00007ff8946d7000 	C:\WINDOWS\System32\gdi32full.dll
0x00007ff894470000 - 0x00007ff89450d000 	C:\WINDOWS\System32\msvcp_win.dll
0x00007ff8954b0000 - 0x00007ff8954e2000 	C:\WINDOWS\System32\IMM32.DLL
0x00007ff891a90000 - 0x00007ff891a9c000 	C:\Program Files\Eclipse Adoptium\jdk-17.0.8.7-hotspot\bin\vcruntime140_1.dll
0x00007ff875b90000 - 0x00007ff875c21000 	C:\Program Files\Eclipse Adoptium\jdk-17.0.8.7-hotspot\bin\msvcp140.dll
0x00007ff841b60000 - 0x00007ff8427ac000 	C:\Program Files\Eclipse Adoptium\jdk-17.0.8.7-hotspot\bin\server\jvm.dll
0x00007ff895a30000 - 0x00007ff895ae0000 	C:\WINDOWS\System32\ADVAPI32.dll
0x00007ff894d20000 - 0x00007ff894dc0000 	C:\WINDOWS\System32\sechost.dll
0x00007ff895c00000 - 0x00007ff895d25000 	C:\WINDOWS\System32\RPCRT4.dll
0x00007ff894590000 - 0x00007ff8945b7000 	C:\WINDOWS\System32\bcrypt.dll
0x00007ff893d10000 - 0x00007ff893d5b000 	C:\WINDOWS\SYSTEM32\POWRPROF.dll
0x00007ff8840a0000 - 0x00007ff8840c7000 	C:\WINDOWS\SYSTEM32\WINMM.dll
0x00007ff88f9b0000 - 0x00007ff88f9b9000 	C:\WINDOWS\SYSTEM32\WSOCK32.dll
0x00007ff882d20000 - 0x00007ff882d2a000 	C:\WINDOWS\SYSTEM32\VERSION.dll
0x00007ff8954f0000 - 0x00007ff89555b000 	C:\WINDOWS\System32\ws2_32.DLL
0x00007ff893cc0000 - 0x00007ff893cd2000 	C:\WINDOWS\SYSTEM32\UMPDC.dll
0x00007ff8920b0000 - 0x00007ff8920c2000 	C:\WINDOWS\SYSTEM32\kernel.appcore.dll
0x00007ff8919c0000 - 0x00007ff8919ca000 	C:\Program Files\Eclipse Adoptium\jdk-17.0.8.7-hotspot\bin\jimage.dll
0x00007ff88c8d0000 - 0x00007ff88cab4000 	C:\WINDOWS\SYSTEM32\DBGHELP.DLL
0x00007ff884170000 - 0x00007ff8841a4000 	C:\WINDOWS\SYSTEM32\dbgcore.DLL
0x00007ff8946e0000 - 0x00007ff894762000 	C:\WINDOWS\System32\bcryptPrimitives.dll
0x00007ff88fa30000 - 0x00007ff88fa3e000 	C:\Program Files\Eclipse Adoptium\jdk-17.0.8.7-hotspot\bin\instrument.dll
0x00007ff878da0000 - 0x00007ff878dc5000 	C:\Program Files\Eclipse Adoptium\jdk-17.0.8.7-hotspot\bin\java.dll
0x00007ff86f120000 - 0x00007ff86f1f6000 	C:\Program Files\Eclipse Adoptium\jdk-17.0.8.7-hotspot\bin\jsvml.dll
0x00007ff895f30000 - 0x00007ff89669b000 	C:\WINDOWS\System32\SHELL32.dll
0x00007ff8923b0000 - 0x00007ff892b4e000 	C:\WINDOWS\SYSTEM32\windows.storage.dll
0x00007ff895150000 - 0x00007ff8954a3000 	C:\WINDOWS\System32\combase.dll
0x00007ff893ce0000 - 0x00007ff893d0e000 	C:\WINDOWS\SYSTEM32\Wldp.dll
0x00007ff895d30000 - 0x00007ff895dfd000 	C:\WINDOWS\System32\OLEAUT32.dll
0x00007ff8969c0000 - 0x00007ff896a6d000 	C:\WINDOWS\System32\SHCORE.dll
0x00007ff894e60000 - 0x00007ff894eb5000 	C:\WINDOWS\System32\shlwapi.dll
0x00007ff894230000 - 0x00007ff894255000 	C:\WINDOWS\SYSTEM32\profapi.dll
0x00007ff87a1d0000 - 0x00007ff87a1e9000 	C:\Program Files\Eclipse Adoptium\jdk-17.0.8.7-hotspot\bin\net.dll
0x00007ff88e3e0000 - 0x00007ff88e4ea000 	C:\WINDOWS\SYSTEM32\WINHTTP.dll
0x00007ff893a20000 - 0x00007ff893a8a000 	C:\WINDOWS\system32\mswsock.dll
0x00007ff875b70000 - 0x00007ff875b85000 	C:\Program Files\Eclipse Adoptium\jdk-17.0.8.7-hotspot\bin\nio.dll
0x00007ff87a2b0000 - 0x00007ff87a2c8000 	C:\Program Files\Eclipse Adoptium\jdk-17.0.8.7-hotspot\bin\zip.dll
0x00007ff884760000 - 0x00007ff88477a000 	C:\Program Files\JetBrains\IntelliJ IDEA Community Edition 2023.2.1\bin\breakgen64.dll
0x00007ff88f9c0000 - 0x00007ff88f9d0000 	C:\Program Files\Eclipse Adoptium\jdk-17.0.8.7-hotspot\bin\verify.dll
0x00007ff88cd40000 - 0x00007ff88cd49000 	C:\Program Files\Eclipse Adoptium\jdk-17.0.8.7-hotspot\bin\management.dll
0x00007ff87b120000 - 0x00007ff87b12b000 	C:\Program Files\Eclipse Adoptium\jdk-17.0.8.7-hotspot\bin\management_ext.dll
0x00007ff894c80000 - 0x00007ff894c88000 	C:\WINDOWS\System32\PSAPI.DLL
0x00007ff861f10000 - 0x00007ff861f27000 	C:\WINDOWS\system32\napinsp.dll
0x00007ff861ef0000 - 0x00007ff861f0b000 	C:\WINDOWS\system32\pnrpnsp.dll
0x00007ff88ee20000 - 0x00007ff88ee35000 	C:\WINDOWS\system32\wshbth.dll
0x00007ff88f900000 - 0x00007ff88f91d000 	C:\WINDOWS\system32\NLAapi.dll
0x00007ff8936b0000 - 0x00007ff8936eb000 	C:\WINDOWS\SYSTEM32\IPHLPAPI.DLL
0x00007ff893750000 - 0x00007ff89381b000 	C:\WINDOWS\SYSTEM32\DNSAPI.dll
0x00007ff8969a0000 - 0x00007ff8969a8000 	C:\WINDOWS\System32\NSI.dll
0x00007ff861ed0000 - 0x00007ff861ee2000 	C:\WINDOWS\System32\winrnr.dll
0x00007ff889a90000 - 0x00007ff889a9a000 	C:\Windows\System32\rasadhlp.dll
0x00007ff885a50000 - 0x00007ff885ad0000 	C:\WINDOWS\System32\fwpuclnt.dll
0x00007ff893c10000 - 0x00007ff893c28000 	C:\WINDOWS\SYSTEM32\CRYPTSP.dll
0x00007ff8932f0000 - 0x00007ff893324000 	C:\WINDOWS\system32\rsaenh.dll
0x00007ff8941f0000 - 0x00007ff89421e000 	C:\WINDOWS\SYSTEM32\USERENV.dll
0x00007ff893c90000 - 0x00007ff893c9c000 	C:\WINDOWS\SYSTEM32\CRYPTBASE.dll
0x00007ff885f70000 - 0x00007ff885f87000 	C:\WINDOWS\SYSTEM32\dhcpcsvc6.DLL
0x00007ff886060000 - 0x00007ff88607d000 	C:\WINDOWS\SYSTEM32\dhcpcsvc.DLL

dbghelp: loaded successfully - version: 4.0.5 - missing functions: none
symbol engine: initialized successfully - sym options: 0x614 - pdb path: .;C:\Program Files\Eclipse Adoptium\jdk-17.0.8.7-hotspot\bin;C:\WINDOWS\SYSTEM32;C:\WINDOWS\WinSxS\amd64_microsoft.windows.common-controls_6595b64144ccf1df_6.0.19041.3636_none_60b6a03d71f818d5;C:\Program Files\Eclipse Adoptium\jdk-17.0.8.7-hotspot\bin\server;C:\Program Files\JetBrains\IntelliJ IDEA Community Edition 2023.2.1\bin

VM Arguments:
jvm_args: -Dforge.logging.console.level=debug -Dforge.logging.markers=REGISTRIES -DlegacyClassPath.file=C:\Users\ryoma\my mods\Rebuilding_World1.20.1\build\classpath\runData_minecraftClasspath.txt -DignoreList=bootstraplauncher,securejarhandler,asm-commons,asm-util,asm-analysis,asm-tree,asm,JarJarFileSystems,client-extra,fmlcore,javafmllanguage,lowcodelanguage,mclanguage,forge- -DmergeModules=jna-5.10.0.jar,jna-platform-5.10.0.jar -Djava.net.preferIPv6Addresses=system --module-path=C:\Users\ryoma\.gradle\caches\modules-2\files-2.1\cpw.mods\bootstraplauncher\1.1.2\c546e00443d8432cda6baa1c860346980742628\bootstraplauncher-1.1.2.jar;C:\Users\ryoma\.gradle\caches\modules-2\files-2.1\cpw.mods\securejarhandler\2.1.10\51e6a22c6c716beb11e244bf5b8be480f51dd6b5\securejarhandler-2.1.10.jar;C:\Users\ryoma\.gradle\caches\modules-2\files-2.1\org.ow2.asm\asm-commons\9.5\19ab5b5800a3910d30d3a3e64fdb00fd0cb42de0\asm-commons-9.5.jar;C:\Users\ryoma\.gradle\caches\modules-2\files-2.1\org.ow2.asm\asm-util\9.5\64b5a1fc8c1b15ed2efd6a063e976bc8d3dc5ffe\asm-util-9.5.jar;C:\Users\ryoma\.gradle\caches\modules-2\files-2.1\org.ow2.asm\asm-analysis\9.5\490bacc77de7cbc0be1a30bb3471072d705be4a4\asm-analysis-9.5.jar;C:\Users\ryoma\.gradle\caches\modules-2\files-2.1\org.ow2.asm\asm-tree\9.5\fd33c8b6373abaa675be407082fdfda35021254a\asm-tree-9.5.jar;C:\Users\ryoma\.gradle\caches\modules-2\files-2.1\org.ow2.asm\asm\9.5\dc6ea1875f4d64fbc85e1691c95b96a3d8569c90\asm-9.5.jar;C:\Users\ryoma\.gradle\caches\modules-2\files-2.1\net.minecraftforge\JarJarFileSystems\0.3.19\2464eb7d6b9ddb9db36a82cf8a95193e5c6fe020\JarJarFileSystems-0.3.19.jar --add-modules=ALL-MODULE-PATH --add-opens=java.base/java.util.jar=cpw.mods.securejarhandler --add-opens=java.base/java.lang.invoke=cpw.mods.securejarhandler --add-exports=java.base/sun.security.util=cpw.mods.securejarhandler --add-exports=jdk.naming.dns/com.sun.jndi.dns=java.naming -javaagent:C:\Program Files\JetBrains\IntelliJ IDEA Community Edition 2023.2.1\lib\idea_rt.jar=51679:C:\Program Files\JetBrains\IntelliJ IDEA Community Edition 2023.2.1\bin -Dfile.encoding=UTF-8 
java_command: cpw.mods.bootstraplauncher.BootstrapLauncher --launchTarget forgedatauserdev --assetIndex 5 --assetsDir C:\Users\ryoma\.gradle\caches\forge_gradle\assets --gameDir . --fml.forgeVersion 47.1.0 --fml.mcVersion 1.20.1 --fml.forgeGroup net.minecraftforge --fml.mcpVersion 20230612.114412 --mod examplemod --all --output C:\Users\ryoma\my mods\Rebuilding_World1.20.1\src\generated\resources --existing C:\Users\ryoma\my mods\Rebuilding_World1.20.1\src\main\resources
java_class_path (initial): C:\Users\ryoma\my mods\Rebuilding_World1.20.1\build\classes\java\main;C:\Users\ryoma\my mods\Rebuilding_World1.20.1\build\resources\main;C:\Users\ryoma\.gradle\caches\forge_gradle\minecraft_user_repo\net\minecraftforge\forge\1.20.1-47.1.0_mapped_official_1.20.1\forge-1.20.1-47.1.0_mapped_official_1.20.1-recomp.jar;C:\Users\ryoma\.gradle\caches\forge_gradle\minecraft_repo\versions\1.20.1\client-extra.jar;C:\Users\ryoma\.gradle\caches\modules-2\files-2.1\net.minecraftforge\fmlloader\1.20.1-47.1.0\f7b5e4ef130d184e0ea48e6d8bf0a2d90757e8c6\fmlloader-1.20.1-47.1.0.jar;C:\Users\ryoma\.gradle\caches\modules-2\files-2.1\net.minecraftforge\JarJarSelector\0.3.19\376cc9c8ea60720cf027c01fc033de915699801c\JarJarSelector-0.3.19.jar;C:\Users\ryoma\.gradle\caches\modules-2\files-2.1\net.minecraftforge\JarJarMetadata\0.3.19\83feaa9b770e6ac0e96ee4fc23fa89325c5fe2\JarJarMetadata-0.3.19.jar;C:\Users\ryoma\.gradle\caches\modules-2\files-2.1\com.google.code.findbugs\jsr305\3.0.2\25ea2e8b0c338a877313bd4672d3fe056ea78f0d\jsr305-3.0.2.jar;C:\Users\ryoma\.gradle\caches\modules-2\files-2.1\ca.weblite\java-objc-bridge\1.1\1227f9e0666314f9de41477e3ec277e542ed7f7b\java-objc-bridge-1.1.jar;C:\Users\ryoma\.gradle\caches\modules-2\files-2.1\net.minecraftforge\forgespi\7.0.1\3b4972a0cdb135853dba219be61a79b22cff1309\forgespi-7.0.1.jar;C:\Users\ryoma\.gradle\caches\modules-2\files-2.1\net.minecraftforge\mergetool\1.1.5\f3da18e12c696d35a47c82cbb2cc8b5aa15e1154\mergetool-1.1.5-api.jar;C:\Users\ryoma\.gradle\caches\modules-2\files-2.1\org.jetbrains\annotations\24.0.1\13c5c75c4206580aa4d683bffee658caae6c9f43\annotations-24.0.1.jar;C:\Users\ryoma\.gradle\caches\modules-2\files-2.1\cpw.mods\securejarhandler\2.1.10\51e6a22c6c716beb11e244bf5b8be480f51dd6b5\securejarhandler-2.1.10.jar;C:\Users\ryoma\.gradle\caches\modules-2\files-2.1\cpw.mods\modlauncher\10.0.9\6d9443f56f50bb85cea383686ff9c867391458b\modlauncher-10.0.9.jar;C:\Users\ryoma\.gradle\caches\modules-2\files-2.1\org.openjd
Launcher Type: SUN_STANDARD

[Global flags]
     intx CICompilerCount                          = 3                                         {product} {ergonomic}
     uint ConcGCThreads                            = 1                                         {product} {ergonomic}
     uint G1ConcRefinementThreads                  = 4                                         {product} {ergonomic}
   size_t G1HeapRegionSize                         = 1048576                                   {product} {ergonomic}
    uintx GCDrainStackTargetSize                   = 64                                        {product} {ergonomic}
   size_t InitialHeapSize                          = 67108864                                  {product} {ergonomic}
   size_t MarkStackSize                            = 4194304                                   {product} {ergonomic}
   size_t MaxHeapSize                              = 1052770304                                {product} {ergonomic}
   size_t MaxNewSize                               = 631242752                                 {product} {ergonomic}
   size_t MinHeapDeltaBytes                        = 1048576                                   {product} {ergonomic}
   size_t MinHeapSize                              = 8388608                                   {product} {ergonomic}
    uintx NonNMethodCodeHeapSize                   = 5832780                                {pd product} {ergonomic}
    uintx NonProfiledCodeHeapSize                  = 122912730                              {pd product} {ergonomic}
    uintx ProfiledCodeHeapSize                     = 122912730                              {pd product} {ergonomic}
    uintx ReservedCodeCacheSize                    = 251658240                              {pd product} {ergonomic}
     bool SegmentedCodeCache                       = true                                      {product} {ergonomic}
   size_t SoftMaxHeapSize                          = 1052770304                             {manageable} {ergonomic}
     bool UseCompressedClassPointers               = true                           {product lp64_product} {ergonomic}
     bool UseCompressedOops                        = true                           {product lp64_product} {ergonomic}
     bool UseG1GC                                  = true                                      {product} {ergonomic}
     bool UseLargePagesIndividualAllocation        = false                                  {pd product} {ergonomic}

Logging:
Log output configuration:
 #0: stdout all=warning uptime,level,tags
 #1: stderr all=off uptime,level,tags

Environment Variables:
JAVA_HOME=C:\Program Files\Eclipse Adoptium\jdk-17.0.8.7-hotspot\
PATH=C:\Program Files\Eclipse Adoptium\jdk-17.0.8.7-hotspot\bin;C:\WINDOWS\system32;C:\WINDOWS;C:\WINDOWS\System32\Wbem;C:\WINDOWS\System32\WindowsPowerShell\v1.0\;C:\WINDOWS\System32\OpenSSH\;C:\Program Files (x86)\JDL\system\object;C:\Program Files (x86)\JDL\system\dll;C:\Program Files\Git\cmd;C:\Program Files\PowerShell\7\;C:\Users\ryoma\AppData\Local\Microsoft\WindowsApps;;C:\Users\ryoma\AppData\Local\Programs\Microsoft VS Code\bin
USERNAME=ryoma
OS=Windows_NT
PROCESSOR_IDENTIFIER=Intel64 Family 6 Model 142 Stepping 9, GenuineIntel
TMP=C:\Users\ryoma\AppData\Local\Temp
TEMP=C:\Users\ryoma\AppData\Local\Temp



---------------  S Y S T E M  ---------------

OS:
 Windows 10 , 64 bit Build 19041 (10.0.19041.3636)
OS uptime: 1 days 10:09 hours

CPU: total 4 (initial active 4) (2 cores per cpu, 2 threads per core) family 6 model 142 stepping 9 microcode 0xf4, cx8, cmov, fxsr, ht, mmx, 3dnowpref, sse, sse2, sse3, ssse3, sse4.1, sse4.2, popcnt, lzcnt, tsc, tscinvbit, avx, avx2, aes, erms, clmul, bmi1, bmi2, adx, fma, vzeroupper, clflush, clflushopt
Processor Information for all 4 processors :
  Max Mhz: 1608, Current Mhz: 1005, Mhz Limit: 996

Memory: 4k page, system-wide physical 4013M (105M free)
TotalPageFile size 16301M (AvailPageFile size 183M)
current process WorkingSet (physical memory assigned to process): 200M, peak: 269M
current process commit charge ("private bytes"): 497M, peak: 779M

vm_info: OpenJDK 64-Bit Server VM (17.0.8+7) for windows-amd64 JRE (17.0.8+7), built on Jul 18 2023 21:02:32 by "admin" with MS VC++ 16.7 (VS2019)

END.
